Archive member included to satisfy reference by file (symbol)

../../DaisyExamples/libDaisy/build/libdaisy.a(daisy_seed.o)
                              build/MultipleWaveforms.o (daisy::DaisySeed::Configure())
../../DaisyExamples/libDaisy/build/libdaisy.a(codec_ak4556.o)
                              ../../DaisyExamples/libDaisy/build/libdaisy.a(daisy_seed.o) (daisy::Ak4556::Init(dsy_gpio_pin))
../../DaisyExamples/libDaisy/build/libdaisy.a(codec_wm8731.o)
                              ../../DaisyExamples/libDaisy/build/libdaisy.a(daisy_seed.o) (daisy::Wm8731::Init(daisy::Wm8731::Config const&, daisy::I2CHandle))
../../DaisyExamples/libDaisy/build/libdaisy.a(sdram.o)
                              ../../DaisyExamples/libDaisy/build/libdaisy.a(daisy_seed.o) (SdramHandle::Init())
../../DaisyExamples/libDaisy/build/libdaisy.a(audio.o)
                              ../../DaisyExamples/libDaisy/build/libdaisy.a(daisy_seed.o) (daisy::AudioHandle::Init(daisy::AudioHandle::Config const&, daisy::SaiHandle))
../../DaisyExamples/libDaisy/build/libdaisy.a(switch.o)
                              build/MultipleWaveforms.o (daisy::Switch::Init(dsy_gpio_pin, float))
../../DaisyExamples/libDaisy/build/libdaisy.a(adc.o)
                              build/MultipleWaveforms.o (daisy::AdcChannelConfig::InitSingle(dsy_gpio_pin, daisy::AdcChannelConfig::ConversionSpeed))
../../DaisyExamples/libDaisy/build/libdaisy.a(gpio.o)
                              ../../DaisyExamples/libDaisy/build/libdaisy.a(daisy_seed.o) (daisy::GPIO::Init(daisy::Pin, daisy::GPIO::Mode, daisy::GPIO::Pull, daisy::GPIO::Speed))
../../DaisyExamples/libDaisy/build/libdaisy.a(i2c.o)
                              ../../DaisyExamples/libDaisy/build/libdaisy.a(daisy_seed.o) (daisy::I2CHandle::Init(daisy::I2CHandle::Config const&))
../../DaisyExamples/libDaisy/build/libdaisy.a(qspi.o)
                              ../../DaisyExamples/libDaisy/build/libdaisy.a(daisy_seed.o) (daisy::QSPIHandle::Init(daisy::QSPIHandle::Config const&))
../../DaisyExamples/libDaisy/build/libdaisy.a(sai.o)
                              ../../DaisyExamples/libDaisy/build/libdaisy.a(daisy_seed.o) (daisy::SaiHandle::Init(daisy::SaiHandle::Config const&))
../../DaisyExamples/libDaisy/build/libdaisy.a(system.o)
                              ../../DaisyExamples/libDaisy/build/libdaisy.a(daisy_seed.o) (daisy::System::DeInit())
../../DaisyExamples/libDaisy/build/libdaisy.a(system_stm32h7xx.o)
                              build/startup_stm32h750xx.o (SystemInit)
../../DaisyExamples/libDaisy/build/libdaisy.a(usbd_conf.o)
                              ../../DaisyExamples/libDaisy/build/libdaisy.a(system.o) (hpcd_USB_OTG_HS)
../../DaisyExamples/libDaisy/build/libdaisy.a(usbh_conf.o)
                              ../../DaisyExamples/libDaisy/build/libdaisy.a(system.o) (hhcd_USB_OTG_HS)
../../DaisyExamples/libDaisy/build/libdaisy.a(hal_map.o)
                              ../../DaisyExamples/libDaisy/build/libdaisy.a(gpio.o) (dsy_hal_map_get_port)
../../DaisyExamples/libDaisy/build/libdaisy.a(stm32h7xx_hal.o)
                              ../../DaisyExamples/libDaisy/build/libdaisy.a(system.o) (HAL_Init)
../../DaisyExamples/libDaisy/build/libdaisy.a(stm32h7xx_hal_adc.o)
                              ../../DaisyExamples/libDaisy/build/libdaisy.a(adc.o) (HAL_ADC_ConfigChannel)
../../DaisyExamples/libDaisy/build/libdaisy.a(stm32h7xx_hal_adc_ex.o)
                              ../../DaisyExamples/libDaisy/build/libdaisy.a(adc.o) (HAL_ADCEx_Calibration_Start)
../../DaisyExamples/libDaisy/build/libdaisy.a(stm32h7xx_hal_cortex.o)
                              ../../DaisyExamples/libDaisy/build/libdaisy.a(stm32h7xx_hal.o) (HAL_NVIC_SetPriorityGrouping)
../../DaisyExamples/libDaisy/build/libdaisy.a(stm32h7xx_hal_dma.o)
                              ../../DaisyExamples/libDaisy/build/libdaisy.a(adc.o) (HAL_DMA_Init)
../../DaisyExamples/libDaisy/build/libdaisy.a(stm32h7xx_hal_gpio.o)
                              ../../DaisyExamples/libDaisy/build/libdaisy.a(sdram.o) (HAL_GPIO_Init)
../../DaisyExamples/libDaisy/build/libdaisy.a(stm32h7xx_hal_hcd.o)
                              ../../DaisyExamples/libDaisy/build/libdaisy.a(usbh_conf.o) (HAL_HCD_HC_Init)
../../DaisyExamples/libDaisy/build/libdaisy.a(stm32h7xx_hal_i2c.o)
                              ../../DaisyExamples/libDaisy/build/libdaisy.a(i2c.o) (HAL_I2C_Init)
../../DaisyExamples/libDaisy/build/libdaisy.a(stm32h7xx_hal_i2c_ex.o)
                              ../../DaisyExamples/libDaisy/build/libdaisy.a(i2c.o) (HAL_I2CEx_ConfigAnalogFilter)
../../DaisyExamples/libDaisy/build/libdaisy.a(stm32h7xx_hal_pcd.o)
                              ../../DaisyExamples/libDaisy/build/libdaisy.a(usbd_conf.o) (HAL_PCD_Init)
../../DaisyExamples/libDaisy/build/libdaisy.a(stm32h7xx_hal_pcd_ex.o)
                              ../../DaisyExamples/libDaisy/build/libdaisy.a(usbd_conf.o) (HAL_PCDEx_SetTxFiFo)
../../DaisyExamples/libDaisy/build/libdaisy.a(stm32h7xx_hal_pwr_ex.o)
[...]
Memory Configuration

Name             Origin             Length             Attributes
FLASH            0x0000000008000000 0x0000000000020000 xr
DTCMRAM          0x0000000020000000 0x0000000000020000 xrw
SRAM             0x0000000024000000 0x0000000000080000 xrw
RAM_D2           0x0000000030000000 0x0000000000048000 xrw
RAM_D3           0x0000000038000000 0x0000000000010000 xrw
BACKUP_SRAM      0x0000000038800000 0x0000000000001000 xrw
ITCMRAM          0x0000000000000000 0x0000000000010000 xrw
SDRAM            0x00000000c0000000 0x0000000004000000 xrw
QSPIFLASH        0x0000000090000000 0x0000000000800000 xr
*default*        0x0000000000000000 0xffffffffffffffff

Linker script and memory map

LOAD /Library/DaisyToolchain/0.2.0/arm/bin/../lib/gcc/arm-none-eabi/10.3.1/thumb/v7e-m+dp/hard/crti.o
LOAD /Library/DaisyToolchain/0.2.0/arm/bin/../lib/gcc/arm-none-eabi/10.3.1/thumb/v7e-m+dp/hard/crtbegin.o
LOAD /Library/DaisyToolchain/0.2.0/arm/bin/../lib/gcc/arm-none-eabi/10.3.1/../../../../arm-none-eabi/lib/thumb/v7e-m+dp/hard/crt0.o
LOAD build/startup_stm32h750xx.o
LOAD build/MultipleWaveforms.o
LOAD ../../DaisyExamples/libDaisy/build/libdaisy.a
LOAD /Library/DaisyToolchain/0.2.0/arm/bin/../lib/gcc/arm-none-eabi/10.3.1/../../../../arm-none-eabi/lib/thumb/v7e-m+dp/hard/libnosys.a
LOAD ../../DaisyExamples/DaisySP/build/libdaisysp.a
LOAD /Library/DaisyToolchain/0.2.0/arm/bin/../lib/gcc/arm-none-eabi/10.3.1/../../../../arm-none-eabi/lib/thumb/v7e-m+dp/hard/libstdc++_nano.a
LOAD /Library/DaisyToolchain/0.2.0/arm/bin/../lib/gcc/arm-none-eabi/10.3.1/../../../../arm-none-eabi/lib/thumb/v7e-m+dp/hard/libm.a
LOAD /Library/DaisyToolchain/0.2.0/arm/bin/../lib/gcc/arm-none-eabi/10.3.1/../../../../arm-none-eabi/lib/thumb/v7e-m+dp/hard/libc_nano.a
START GROUP
LOAD /Library/DaisyToolchain/0.2.0/arm/bin/../lib/gcc/arm-none-eabi/10.3.1/thumb/v7e-m+dp/hard/libgcc.a
LOAD /Library/DaisyToolchain/0.2.0/arm/bin/../lib/gcc/arm-none-eabi/10.3.1/../../../../arm-none-eabi/lib/thumb/v7e-m+dp/hard/libc_nano.a
END GROUP
START GROUP
LOAD /Library/DaisyToolchain/0.2.0/arm/bin/../lib/gcc/arm-none-eabi/10.3.1/thumb/v7e-m+dp/hard/libgcc.a
LOAD /Library/DaisyToolchain/0.2.0/arm/bin/../lib/gcc/arm-none-eabi/10.3.1/../../../../arm-none-eabi/lib/thumb/v7e-m+dp/hard/libc_nano.a
LOAD /Library/DaisyToolchain/0.2.0/arm/bin/../lib/gcc/arm-none-eabi/10.3.1/../../../../arm-none-eabi/lib/thumb/v7e-m+dp/hard/libnosys.a
END GROUP
START GROUP
LOAD /Library/DaisyToolchain/0.2.0/arm/bin/../lib/gcc/arm-none-eabi/10.3.1/thumb/v7e-m+dp/hard/libgcc.a
LOAD /Library/DaisyToolchain/0.2.0/arm/bin/../lib/gcc/arm-none-eabi/10.3.1/../../../../arm-none-eabi/lib/thumb/v7e-m+dp/hard/libc_nano.a
LOAD /Library/DaisyToolchain/0.2.0/arm/bin/../lib/gcc/arm-none-eabi/10.3.1/../../../../arm-none-eabi/lib/thumb/v7e-m+dp/hard/libnosys.a
END GROUP
LOAD /Library/DaisyToolchain/0.2.0/arm/bin/../lib/gcc/arm-none-eabi/10.3.1/thumb/v7e-m+dp/hard/crtend.o
LOAD /Library/DaisyToolchain/0.2.0/arm/bin/../lib/gcc/arm-none-eabi/10.3.1/thumb/v7e-m+dp/hard/crtn.o
                0x0000000020020000                _estack = 0x20020000

.isr_vector     0x0000000008000000      0x298
                0x0000000008000000                . = ALIGN (0x4)
 *(.isr_vector)
 .isr_vector    0x0000000008000000      0x298 build/startup_stm32h750xx.o
                0x0000000008000000                g_pfnVectors
                0x0000000008000298                . = ALIGN (0x4)

.text           0x0000000008000298    0x11560
                0x0000000008000298                . = ALIGN (0x4)
                0x0000000008000298                _stext = .
 *(.text)
 .text          0x0000000008000298       0x40 /Library/DaisyToolchain/0.2.0/arm/bin/../lib/gcc/arm-none-eabi/10.3.1/thumb/v7e-m+dp/hard/crtbegin.o
 .text          0x00000000080002d8      0x378 /Library/DaisyToolchain/0.2.0/arm/bin/../lib/gcc/arm-none-eabi/10.3.1/thumb/v7e-m+dp/hard/libgcc.a(_arm_addsubdf3.o)
                0x00000000080002d8                __aeabi_drsub
                0x00000000080002e0                __subdf3
                0x00000000080002e0                __aeabi_dsub
                0x00000000080002e4                __aeabi_dadd
                0x00000000080002e4                __adddf3
                0x000000000800055c                __aeabi_ui2d
                0x000000000800055c                __floatunsidf
                0x000000000800057c                __floatsidf
                0x000000000800057c                __aeabi_i2d
                0x00000000080005a0                __extendsfdf2
                0x00000000080005a0                __aeabi_f2d
                0x00000000080005e4                __aeabi_ul2d
                0x00000000080005e4                __floatundidf
                0x00000000080005f4                __aeabi_l2d
                0x00000000080005f4                __floatdidf
 .text          0x0000000008000650       0x30 /Library/DaisyToolchain/0.2.0/arm/bin/../lib/gcc/arm-none-eabi/10.3.1/thumb/v7e-m+dp/hard/libgcc.a(_aeabi_uldivmod.o)
                0x0000000008000650                __aeabi_uldivmod
 .text          0x0000000008000680      0x2d0 /Library/DaisyToolchain/0.2.0/arm/bin/../lib/gcc/arm-none-eabi/10.3.1/thumb/v7e-m+dp/hard/libgcc.a(_udivmoddi4.o)
                0x0000000008000680                __udivmoddi4
 .text          0x0000000008000950        0x4 /Library/DaisyToolchain/0.2.0/arm/bin/../lib/gcc/arm-none-eabi/10.3.1/thumb/v7e-m+dp/hard/libgcc.a(_dvmd_tls.o)
                0x0000000008000950                __aeabi_ldiv0
                0x0000000008000950                __aeabi_idiv0
 *(.text*)
 .text.Default_Handler
                0x0000000008000954        0x4 build/startup_stm32h750xx.o
                0x0000000008000954                SAI1_IRQHandler
                0x0000000008000954                HASH_RNG_IRQHandler
                0x0000000008000954                EXTI2_IRQHandler
                0x0000000008000954                TIM8_CC_IRQHandler
                0x0000000008000954                HRTIM1_Master_IRQHandler
                0x0000000008000954                DebugMon_Handler
                0x0000000008000954                TIM1_CC_IRQHandler
                0x0000000008000954                BDMA_Channel6_IRQHandler
                0x0000000008000954                DMA2_Stream5_IRQHandler
                0x0000000008000954                HRTIM1_FLT_IRQHandler
                0x0000000008000954                JPEG_IRQHandler
                0x0000000008000954                BDMA_Channel1_IRQHandler
                0x0000000008000954                HRTIM1_TIMD_IRQHandler
                0x0000000008000954                TAMP_STAMP_IRQHandler
                0x0000000008000954                PendSV_Handler
                0x0000000008000954                NMI_Handler
                0x0000000008000954                EXTI3_IRQHandler
                0x0000000008000954                LPTIM4_IRQHandler
                0x0000000008000954                TIM8_TRG_COM_TIM14_IRQHandler
                0x0000000008000954                LPTIM2_IRQHandler
                0x0000000008000954                DFSDM1_FLT1_IRQHandler
                0x0000000008000954                DMAMUX2_OVR_IRQHandler
                0x0000000008000954                TIM8_UP_TIM13_IRQHandler
                0x0000000008000954                I2C3_ER_IRQHandler
                0x0000000008000954                DFSDM1_FLT2_IRQHandler
                0x0000000008000954                MDMA_IRQHandler
                0x0000000008000954                LPTIM3_IRQHandler
                0x0000000008000954                HSEM1_IRQHandler
                0x0000000008000954                EXTI0_IRQHandler
                0x0000000008000954                FPU_IRQHandler
                0x0000000008000954                OTG_HS_WKUP_IRQHandler
                0x0000000008000954                FDCAN1_IT1_IRQHandler
                0x0000000008000954                UsageFault_Handler
                0x0000000008000954                LTDC_ER_IRQHandler
                0x0000000008000954                HRTIM1_TIME_IRQHandler
                0x0000000008000954                TIM6_DAC_IRQHandler
                0x0000000008000954                DCMI_IRQHandler
                0x0000000008000954                HRTIM1_TIMC_IRQHandler
                0x0000000008000954                SAI2_IRQHandler
                0x0000000008000954                DFSDM1_FLT3_IRQHandler
                0x0000000008000954                TIM17_IRQHandler
                0x0000000008000954                CRYP_IRQHandler
                0x0000000008000954                BDMA_Channel7_IRQHandler
                0x0000000008000954                LPTIM5_IRQHandler
                0x0000000008000954                ADC3_IRQHandler
                0x0000000008000954                DMA2_Stream0_IRQHandler
                0x0000000008000954                BDMA_Channel2_IRQHandler
                0x0000000008000954                DMAMUX1_OVR_IRQHandler
                0x0000000008000954                TIM16_IRQHandler
                0x0000000008000954                BDMA_Channel5_IRQHandler
                0x0000000008000954                RCC_IRQHandler
                0x0000000008000954                TIM8_BRK_TIM12_IRQHandler
                0x0000000008000954                TIM1_TRG_COM_IRQHandler
                0x0000000008000954                Default_Handler
                0x0000000008000954                ECC_IRQHandler
                0x0000000008000954                CEC_IRQHandler
                0x0000000008000954                EXTI15_10_IRQHandler
                0x0000000008000954                BDMA_Channel0_IRQHandler
                0x0000000008000954                ADC_IRQHandler
                0x0000000008000954                DMA1_Stream7_IRQHandler
                0x0000000008000954                HRTIM1_TIMA_IRQHandler
                0x0000000008000954                TIM7_IRQHandler
                0x0000000008000954                SDMMC1_IRQHandler
                0x0000000008000954                DMA2_Stream7_IRQHandler
                0x0000000008000954                TIM15_IRQHandler
                0x0000000008000954                PVD_AVD_IRQHandler
                0x0000000008000954                EXTI9_5_IRQHandler
                0x0000000008000954                RTC_WKUP_IRQHandler
                0x0000000008000954                LTDC_IRQHandler
                0x0000000008000954                SAI3_IRQHandler
                0x0000000008000954                ETH_WKUP_IRQHandler
                0x0000000008000954                SPDIF_RX_IRQHandler
                0x0000000008000954                MemManage_Handler
                0x0000000008000954                SVC_Handler
                0x0000000008000954                CRS_IRQHandler
                0x0000000008000954                EXTI4_IRQHandler
                0x0000000008000954                HRTIM1_TIMB_IRQHandler
                0x0000000008000954                FDCAN2_IT1_IRQHandler
                0x0000000008000954                ETH_IRQHandler
                0x0000000008000954                TIM1_UP_IRQHandler
                0x0000000008000954                BDMA_Channel4_IRQHandler
                0x0000000008000954                WWDG_IRQHandler
                0x0000000008000954                SPI6_IRQHandler
                0x0000000008000954                I2C4_EV_IRQHandler
                0x0000000008000954                MDIOS_IRQHandler
                0x0000000008000954                FDCAN2_IT0_IRQHandler
                0x0000000008000954                FDCAN1_IT0_IRQHandler
                0x0000000008000954                OTG_FS_WKUP_IRQHandler
                0x0000000008000954                DMA2D_IRQHandler
                0x0000000008000954                TIM1_BRK_IRQHandler
                0x0000000008000954                EXTI1_IRQHandler
                0x0000000008000954                SDMMC2_IRQHandler
                0x0000000008000954                OTG_FS_EP1_OUT_IRQHandler
                0x0000000008000954                BDMA_Channel3_IRQHandler
                0x0000000008000954                MDIOS_WKUP_IRQHandler
                0x0000000008000954                DFSDM1_FLT0_IRQHandler
                0x0000000008000954                SAI4_IRQHandler
                0x0000000008000954                I2C2_ER_IRQHandler
                0x0000000008000954                DMA2_Stream1_IRQHandler
                0x0000000008000954                FLASH_IRQHandler
                0x0000000008000954                BusFault_Handler
                0x0000000008000954                OTG_FS_IRQHandler
                0x0000000008000954                WAKEUP_PIN_IRQHandler
                0x0000000008000954                OTG_FS_EP1_IN_IRQHandler
                0x0000000008000954                I2C1_ER_IRQHandler
                0x0000000008000954                FMC_IRQHandler
                0x0000000008000954                FDCAN_CAL_IRQHandler
                0x0000000008000954                SWPMI1_IRQHandler
                0x0000000008000954                COMP1_IRQHandler
                0x0000000008000954                LPTIM1_IRQHandler
                0x0000000008000954                I2C4_ER_IRQHandler
                0x0000000008000954                DMA2_Stream6_IRQHandler
                0x0000000008000954                RTC_Alarm_IRQHandler
 .text.Reset_Handler
                0x0000000008000958       0x44 build/startup_stm32h750xx.o
                0x0000000008000958                Reset_Handler
 .text._ZN5daisy6SwitchD2Ev
                0x000000000800099c        0x4 build/MultipleWaveforms.o
                0x000000000800099c                daisy::Switch::~Switch()
                0x000000000800099c                daisy::Switch::~Switch()
 .text._ZN5daisy9DaisySeedD2Ev
                0x00000000080009a0        0x4 build/MultipleWaveforms.o
                0x00000000080009a0                daisy::DaisySeed::~DaisySeed()
                0x00000000080009a0                daisy::DaisySeed::~DaisySeed()
 .text._ZN7daisysp10OscillatorD2Ev
                0x00000000080009a4        0x4 build/MultipleWaveforms.o
                0x00000000080009a4                daisysp::Oscillator::~Oscillator()
                0x00000000080009a4                daisysp::Oscillator::~Oscillator()
 .text._Z13AudioCallbackPfS_j
                0x00000000080009a8       0x5c build/MultipleWaveforms.o
                0x00000000080009a8                AudioCallback(float*, float*, unsigned int)
 .text.startup.main
                0x0000000008000a04      0x1ec build/MultipleWaveforms.o
                0x0000000008000a04                main
 .text.startup._GLOBAL__sub_I_hw
                0x0000000008000bf0       0x5c build/MultipleWaveforms.o
 .text._ZN5daisy9DaisySeed9ConfigureEv
                0x0000000008000c4c        0x4 ../../DaisyExamples/libDaisy/build/libdaisy.a(daisy_seed.o)
                0x0000000008000c4c                daisy::DaisySeed::Configure()
 .text._ZN5daisy9DaisySeed6GetPinEh
                0x0000000008000c50       0x2c ../../DaisyExamples/libDaisy/build/libdaisy.a(daisy_seed.o)
                0x0000000008000c50                daisy::DaisySeed::GetPin(unsigned char)
 .text._ZN5daisy9DaisySeed10StartAudioEPFvPKfPfjE
                0x0000000008000c7c        0x8 ../../DaisyExamples/libDaisy/build/libdaisy.a(daisy_seed.o)
                0x0000000008000c7c                daisy::DaisySeed::StartAudio(void (*)(float const*, float*, unsigned int))
 .text._ZN5daisy9DaisySeed15AudioSampleRateEv
                0x0000000008000c84        0x8 ../../DaisyExamples/libDaisy/build/libdaisy.a(daisy_seed.o)
                0x0000000008000c84                daisy::DaisySeed::AudioSampleRate()
 .text._ZN5daisy9DaisySeed6SetLedEb
                0x0000000008000c8c        0x8 ../../DaisyExamples/libDaisy/build/libdaisy.a(daisy_seed.o)
                0x0000000008000c8c                daisy::DaisySeed::SetLed(bool)
 .text._ZN5daisy9DaisySeed17CheckBoardVersionEv
                0x0000000008000c94       0x6c ../../DaisyExamples/libDaisy/build/libdaisy.a(daisy_seed.o)
                0x0000000008000c94                daisy::DaisySeed::CheckBoardVersion()
 .text._ZN5daisy9DaisySeed14ConfigureAudioEv
                0x0000000008000d00      0x10c ../../DaisyExamples/libDaisy/build/libdaisy.a(daisy_seed.o)
                0x0000000008000d00                daisy::DaisySeed::ConfigureAudio()
 .text._ZN5daisy9DaisySeed4InitEb
                0x0000000008000e0c      0x108 ../../DaisyExamples/libDaisy/build/libdaisy.a(daisy_seed.o)
                0x0000000008000e0c                daisy::DaisySeed::Init(bool)
 .text._ZN5daisy6Ak45564InitE12dsy_gpio_pin
                0x0000000008000f14       0x44 ../../DaisyExamples/libDaisy/build/libdaisy.a(codec_ak4556.o)
                0x0000000008000f14                daisy::Ak4556::Init(dsy_gpio_pin)
 .text._ZN5daisy6Wm873120WriteControlRegisterEht
                0x0000000008000f58       0x3c ../../DaisyExamples/libDaisy/build/libdaisy.a(codec_wm8731.o)
                0x0000000008000f58                daisy::Wm8731::WriteControlRegister(unsigned char, unsigned short)
 .text._ZN5daisy6Wm87314InitERKNS0_6ConfigENS_9I2CHandleE
                0x0000000008000f94      0x1bc ../../DaisyExamples/libDaisy/build/libdaisy.a(codec_wm8731.o)
                0x0000000008000f94                daisy::Wm8731::Init(daisy::Wm8731::Config const&, daisy::I2CHandle)
 .text._ZN11SdramHandle10DeviceInitEv
                0x0000000008001150       0x98 ../../DaisyExamples/libDaisy/build/libdaisy.a(sdram.o)
                0x0000000008001150                SdramHandle::DeviceInit()
 .text._ZN11SdramHandle4InitEv
                0x00000000080011e8       0x7c ../../DaisyExamples/libDaisy/build/libdaisy.a(sdram.o)
                0x00000000080011e8                SdramHandle::Init()
 .text.HAL_SDRAM_MspInit
                0x0000000008001264      0x1a8 ../../DaisyExamples/libDaisy/build/libdaisy.a(sdram.o)
                0x0000000008001264                HAL_SDRAM_MspInit
 .text._ZN5daisy11AudioHandle4Impl16InternalCallbackEPlS2_j
                0x000000000800140c      0xbbc ../../DaisyExamples/libDaisy/build/libdaisy.a(audio.o)
                0x000000000800140c                daisy::AudioHandle::Impl::InternalCallback(long*, long*, unsigned int)
 .text._ZN5daisy11AudioHandle4InitERKNS0_6ConfigENS_9SaiHandleE
                0x0000000008001fc8       0x70 ../../DaisyExamples/libDaisy/build/libdaisy.a(audio.o)
                0x0000000008001fc8                daisy::AudioHandle::Init(daisy::AudioHandle::Config const&, daisy::SaiHandle)
 .text._ZNK5daisy11AudioHandle9GetConfigEv
                0x0000000008002038        0x8 ../../DaisyExamples/libDaisy/build/libdaisy.a(audio.o)
                0x0000000008002038                daisy::AudioHandle::GetConfig() const
 .text._ZN5daisy11AudioHandle13GetSampleRateEv
                0x0000000008002040        0x8 ../../DaisyExamples/libDaisy/build/libdaisy.a(audio.o)
                0x0000000008002040                daisy::AudioHandle::GetSampleRate()
 .text._ZN5daisy11AudioHandle5StartEPFvPKfPfjE
                0x0000000008002048       0x2c ../../DaisyExamples/libDaisy/build/libdaisy.a(audio.o)
                0x0000000008002048                daisy::AudioHandle::Start(void (*)(float const*, float*, unsigned int))
 .text.startup._GLOBAL__sub_I__ZN5daisy11AudioHandle4Impl4InitENS0_6ConfigENS_9SaiHandleE
                0x0000000008002074       0x24 ../../DaisyExamples/libDaisy/build/libdaisy.a(audio.o)
 .text._ZN5daisy6Switch4InitE12dsy_gpio_pinf
                0x0000000008002098       0x34 ../../DaisyExamples/libDaisy/build/libdaisy.a(switch.o)
                0x0000000008002098                daisy::Switch::Init(dsy_gpio_pin, float)
 .text._ZN5daisy6Switch8DebounceEv
                0x00000000080020cc       0x5c ../../DaisyExamples/libDaisy/build/libdaisy.a(switch.o)
                0x00000000080020cc                daisy::Switch::Debounce()
 .text._ZN5daisy16AdcChannelConfig10InitSingleE12dsy_gpio_pinNS0_15ConversionSpeedE
                0x0000000008002128       0x28 ../../DaisyExamples/libDaisy/build/libdaisy.a(adc.o)
                0x0000000008002128                daisy::AdcChannelConfig::InitSingle(dsy_gpio_pin, daisy::AdcChannelConfig::ConversionSpeed)
 .text._ZN5daisy9AdcHandle4InitEPNS_16AdcChannelConfigEjNS0_12OverSamplingE
                0x0000000008002150      0x41c ../../DaisyExamples/libDaisy/build/libdaisy.a(adc.o)
                0x0000000008002150                daisy::AdcHandle::Init(daisy::AdcChannelConfig*, unsigned int, daisy::AdcHandle::OverSampling)
 .text._ZN5daisy9AdcHandle5StartEv
                0x000000000800256c       0x2c ../../DaisyExamples/libDaisy/build/libdaisy.a(adc.o)
                0x000000000800256c                daisy::AdcHandle::Start()
 .text._ZNK5daisy9AdcHandle8GetFloatEh
                0x0000000008002598       0x20 ../../DaisyExamples/libDaisy/build/libdaisy.a(adc.o)
                0x0000000008002598                daisy::AdcHandle::GetFloat(unsigned char) const
 .text.HAL_ADC_MspInit
                0x00000000080025b8       0x98 ../../DaisyExamples/libDaisy/build/libdaisy.a(adc.o)
                0x00000000080025b8                HAL_ADC_MspInit
 .text.DMA1_Stream2_IRQHandler
                0x0000000008002650        0xc ../../DaisyExamples/libDaisy/build/libdaisy.a(adc.o)
                0x0000000008002650                DMA1_Stream2_IRQHandler
 .text.HAL_ADC_ConvCpltCallback
                0x000000000800265c      0x148 ../../DaisyExamples/libDaisy/build/libdaisy.a(adc.o)
                0x000000000800265c                HAL_ADC_ConvCpltCallback
 .text.HAL_ADC_ErrorCallback
                0x00000000080027a4        0x4 ../../DaisyExamples/libDaisy/build/libdaisy.a(adc.o)
                0x00000000080027a4                HAL_ADC_ErrorCallback
 .text._ZN5daisy4GPIO4InitENS_3PinENS0_4ModeENS0_4PullENS0_5SpeedE
                0x00000000080027a8      0x1cc ../../DaisyExamples/libDaisy/build/libdaisy.a(gpio.o)
                0x00000000080027a8                daisy::GPIO::Init(daisy::Pin, daisy::GPIO::Mode, daisy::GPIO::Pull, daisy::GPIO::Speed)
 .text._ZN5daisy4GPIO4ReadEv
                0x0000000008002974       0x18 ../../DaisyExamples/libDaisy/build/libdaisy.a(gpio.o)
                0x0000000008002974                daisy::GPIO::Read()
 .text._ZN5daisy4GPIO5WriteEb
                0x000000000800298c       0x14 ../../DaisyExamples/libDaisy/build/libdaisy.a(gpio.o)
                0x000000000800298c                daisy::GPIO::Write(bool)
 .text.dsy_gpio_init
                0x00000000080029a0      0x1b8 ../../DaisyExamples/libDaisy/build/libdaisy.a(gpio.o)
                0x00000000080029a0                dsy_gpio_init
 .text.dsy_gpio_read
                0x0000000008002b58       0x1c ../../DaisyExamples/libDaisy/build/libdaisy.a(gpio.o)
                0x0000000008002b58                dsy_gpio_read
 .text.dsy_gpio_write
                0x0000000008002b74       0x24 ../../DaisyExamples/libDaisy/build/libdaisy.a(gpio.o)
                0x0000000008002b74                dsy_gpio_write
 .text._ZN5daisy9I2CHandle4Impl8InitPinsEv
                0x0000000008002b98       0x58 ../../DaisyExamples/libDaisy/build/libdaisy.a(i2c.o)
                0x0000000008002b98                daisy::I2CHandle::Impl::InitPins()
 .text.HAL_I2C_MspInit
                0x0000000008002bf0      0x1b4 ../../DaisyExamples/libDaisy/build/libdaisy.a(i2c.o)
                0x0000000008002bf0                HAL_I2C_MspInit
 .text.dsy_i2c_global_init
                0x0000000008002da4       0x78 ../../DaisyExamples/libDaisy/build/libdaisy.a(i2c.o)
                0x0000000008002da4                dsy_i2c_global_init
 .text.DMA1_Stream6_IRQHandler
                0x0000000008002e1c       0x34 ../../DaisyExamples/libDaisy/build/libdaisy.a(i2c.o)
                0x0000000008002e1c                DMA1_Stream6_IRQHandler
 .text.I2C1_EV_IRQHandler
                0x0000000008002e50        0xc ../../DaisyExamples/libDaisy/build/libdaisy.a(i2c.o)
                0x0000000008002e50                I2C1_EV_IRQHandler
 .text.I2C2_EV_IRQHandler
                0x0000000008002e5c        0xc ../../DaisyExamples/libDaisy/build/libdaisy.a(i2c.o)
                0x0000000008002e5c                I2C2_EV_IRQHandler
 .text.I2C3_EV_IRQHandler
                0x0000000008002e68        0xc ../../DaisyExamples/libDaisy/build/libdaisy.a(i2c.o)
                0x0000000008002e68                I2C3_EV_IRQHandler
 .text._ZN5daisy9I2CHandle4InitERKNS0_6ConfigE
                0x0000000008002e74      0x12c ../../DaisyExamples/libDaisy/build/libdaisy.a(i2c.o)
                0x0000000008002e74                daisy::I2CHandle::Init(daisy::I2CHandle::Config const&)
 .text._ZN5daisy9I2CHandle16TransmitBlockingEtPhtm
                0x0000000008002fa0       0x50 ../../DaisyExamples/libDaisy/build/libdaisy.a(i2c.o)
                0x0000000008002fa0                daisy::I2CHandle::TransmitBlocking(unsigned short, unsigned char*, unsigned short, unsigned long)
 .text.startup._GLOBAL__sub_I__ZN5daisy9I2CHandle4Impl10GlobalInitEv
                0x0000000008002ff0       0x18 ../../DaisyExamples/libDaisy/build/libdaisy.a(i2c.o)
 .text._ZN5daisy10QSPIHandle4Impl11WriteEnableEv
                0x0000000008003008       0x8c ../../DaisyExamples/libDaisy/build/libdaisy.a(qspi.o)
                0x0000000008003008                daisy::QSPIHandle::Impl::WriteEnable()
 *fill*         0x0000000008003094        0x4 
 .text._ZN5daisy10QSPIHandle4Impl17DummyCyclesConfigENS0_6Config6DeviceE
                0x0000000008003098      0x118 ../../DaisyExamples/libDaisy/build/libdaisy.a(qspi.o)
                0x0000000008003098                daisy::QSPIHandle::Impl::DummyCyclesConfig(daisy::QSPIHandle::Config::Device)
 .text._ZN5daisy10QSPIHandle4Impl10QuadEnableEv
                0x00000000080031b0      0x158 ../../DaisyExamples/libDaisy/build/libdaisy.a(qspi.o)
                0x00000000080031b0                daisy::QSPIHandle::Impl::QuadEnable()
 .text._ZN5daisy10QSPIHandle4InitERKNS0_6ConfigE
                0x0000000008003308      0x198 ../../DaisyExamples/libDaisy/build/libdaisy.a(qspi.o)
                0x0000000008003308                daisy::QSPIHandle::Init(daisy::QSPIHandle::Config const&)
 .text.HAL_QSPI_MspInit
                0x00000000080034a0      0x11c ../../DaisyExamples/libDaisy/build/libdaisy.a(qspi.o)
                0x00000000080034a0                HAL_QSPI_MspInit
 .text.HAL_QSPI_MspDeInit
                0x00000000080035bc       0x54 ../../DaisyExamples/libDaisy/build/libdaisy.a(qspi.o)
                0x00000000080035bc                HAL_QSPI_MspDeInit
 .text.QUADSPI_IRQHandler
                0x0000000008003610        0xc ../../DaisyExamples/libDaisy/build/libdaisy.a(qspi.o)
                0x0000000008003610                QUADSPI_IRQHandler
 .text.startup._GLOBAL__sub_I__ZN5daisy10QSPIHandle4Impl4InitERKNS0_6ConfigE
                0x000000000800361c       0x28 ../../DaisyExamples/libDaisy/build/libdaisy.a(qspi.o)
 .text._ZN5daisy9SaiHandle4Impl7InitDmaENS1_15PeripheralBlockE
                0x0000000008003644       0xa0 ../../DaisyExamples/libDaisy/build/libdaisy.a(sai.o)
                0x0000000008003644                daisy::SaiHandle::Impl::InitDma(daisy::SaiHandle::Impl::PeripheralBlock)
 .text._ZN5daisy9SaiHandle4Impl8InitPinsEv
                0x00000000080036e4       0xa8 ../../DaisyExamples/libDaisy/build/libdaisy.a(sai.o)
                0x00000000080036e4                daisy::SaiHandle::Impl::InitPins()
 .text.HAL_SAI_MspInit
                0x000000000800378c      0x164 ../../DaisyExamples/libDaisy/build/libdaisy.a(sai.o)
                0x000000000800378c                HAL_SAI_MspInit
 .text.DMA1_Stream0_IRQHandler
                0x00000000080038f0        0xc ../../DaisyExamples/libDaisy/build/libdaisy.a(sai.o)
                0x00000000080038f0                DMA1_Stream0_IRQHandler
 .text.DMA1_Stream1_IRQHandler
                0x00000000080038fc        0xc ../../DaisyExamples/libDaisy/build/libdaisy.a(sai.o)
                0x00000000080038fc                DMA1_Stream1_IRQHandler
 .text.DMA1_Stream3_IRQHandler
                0x0000000008003908        0xc ../../DaisyExamples/libDaisy/build/libdaisy.a(sai.o)
                0x0000000008003908                DMA1_Stream3_IRQHandler
 .text.DMA1_Stream4_IRQHandler
                0x0000000008003914        0xc ../../DaisyExamples/libDaisy/build/libdaisy.a(sai.o)
                0x0000000008003914                DMA1_Stream4_IRQHandler
 .text.HAL_SAI_RxHalfCpltCallback
                0x0000000008003920       0x78 ../../DaisyExamples/libDaisy/build/libdaisy.a(sai.o)
                0x0000000008003920                HAL_SAI_RxHalfCpltCallback
 .text.HAL_SAI_RxCpltCallback
                0x0000000008003998       0x70 ../../DaisyExamples/libDaisy/build/libdaisy.a(sai.o)
                0x0000000008003998                HAL_SAI_RxCpltCallback
 .text._ZN5daisy9SaiHandle4InitERKNS0_6ConfigE
                0x0000000008003a08      0x1f0 ../../DaisyExamples/libDaisy/build/libdaisy.a(sai.o)
                0x0000000008003a08                daisy::SaiHandle::Init(daisy::SaiHandle::Config const&)
 .text._ZNK5daisy9SaiHandle9GetConfigEv
                0x0000000008003bf8        0x4 ../../DaisyExamples/libDaisy/build/libdaisy.a(sai.o)
                0x0000000008003bf8                daisy::SaiHandle::GetConfig() const
 .text._ZN5daisy9SaiHandle8StartDmaEPlS1_jPFvS1_S1_jE
                0x0000000008003bfc       0xbc ../../DaisyExamples/libDaisy/build/libdaisy.a(sai.o)
                0x0000000008003bfc                daisy::SaiHandle::StartDma(long*, long*, unsigned int, void (*)(long*, long*, unsigned int))
 .text._ZN5daisy9SaiHandle13GetSampleRateEv
                0x0000000008003cb8       0x24 ../../DaisyExamples/libDaisy/build/libdaisy.a(sai.o)
                0x0000000008003cb8                daisy::SaiHandle::GetSampleRate()
 .text._ZNK5daisy9SaiHandle9GetOffsetEv
                0x0000000008003cdc        0x8 ../../DaisyExamples/libDaisy/build/libdaisy.a(sai.o)
                0x0000000008003cdc                daisy::SaiHandle::GetOffset() const
 .text._ZN5daisy11TimerHandleD2Ev
                0x0000000008003ce4        0x4 ../../DaisyExamples/libDaisy/build/libdaisy.a(system.o)
                0x0000000008003ce4                daisy::TimerHandle::~TimerHandle()
                0x0000000008003ce4                daisy::TimerHandle::~TimerHandle()
 .text.SysTick_Handler
                0x0000000008003ce8       0x10 ../../DaisyExamples/libDaisy/build/libdaisy.a(system.o)
                0x0000000008003ce8                SysTick_Handler
 .text.OTG_HS_EP1_OUT_IRQHandler
                0x0000000008003cf8       0x24 ../../DaisyExamples/libDaisy/build/libdaisy.a(system.o)
                0x0000000008003cf8                OTG_HS_EP1_OUT_IRQHandler
 .text.OTG_HS_EP1_IN_IRQHandler
                0x0000000008003d1c       0x24 ../../DaisyExamples/libDaisy/build/libdaisy.a(system.o)
                0x0000000008003d1c                OTG_HS_EP1_IN_IRQHandler
 .text.OTG_HS_IRQHandler
                0x0000000008003d40       0x24 ../../DaisyExamples/libDaisy/build/libdaisy.a(system.o)
                0x0000000008003d40                OTG_HS_IRQHandler
 .text.HardFault_Handler
                0x0000000008003d64       0xe0 ../../DaisyExamples/libDaisy/build/libdaisy.a(system.o)
                0x0000000008003d64                HardFault_Handler
 .text._ZN5daisy6System6GetNowEv
                0x0000000008003e44        0x4 ../../DaisyExamples/libDaisy/build/libdaisy.a(system.o)
                0x0000000008003e44                daisy::System::GetNow()
 .text._ZN5daisy6System5DelayEm
                0x0000000008003e48        0x4 ../../DaisyExamples/libDaisy/build/libdaisy.a(system.o)
                0x0000000008003e48                daisy::System::Delay(unsigned long)
 .text._ZN5daisy6System20GetBootloaderVersionEv
                0x0000000008003e4c       0x34 ../../DaisyExamples/libDaisy/build/libdaisy.a(system.o)
                0x0000000008003e4c                daisy::System::GetBootloaderVersion()
 .text._ZN5daisy6System15ConfigureClocksEv
                0x0000000008003e80      0x194 ../../DaisyExamples/libDaisy/build/libdaisy.a(system.o)
                0x0000000008003e80                daisy::System::ConfigureClocks()
 .text._ZN5daisy6System12ConfigureMpuEv
                0x0000000008004014       0x7c ../../DaisyExamples/libDaisy/build/libdaisy.a(system.o)
                0x0000000008004014                daisy::System::ConfigureMpu()
 .text._ZN5daisy6System4InitERKNS0_6ConfigE
                0x0000000008004090       0xec ../../DaisyExamples/libDaisy/build/libdaisy.a(system.o)
                0x0000000008004090                daisy::System::Init(daisy::System::Config const&)
 .text._ZN5daisy6System12GetPClk1FreqEv
                0x000000000800417c        0x4 ../../DaisyExamples/libDaisy/build/libdaisy.a(system.o)
                0x000000000800417c                daisy::System::GetPClk1Freq()
 .text._ZN5daisy6System22GetProgramMemoryRegionEv
                0x0000000008004180       0x78 ../../DaisyExamples/libDaisy/build/libdaisy.a(system.o)
                0x0000000008004180                daisy::System::GetProgramMemoryRegion()
 .text.startup._GLOBAL__sub_I__ZN5daisy9boot_infoE
                0x00000000080041f8       0x1c ../../DaisyExamples/libDaisy/build/libdaisy.a(system.o)
 .text.SystemInit
                0x0000000008004214       0x9c ../../DaisyExamples/libDaisy/build/libdaisy.a(system_stm32h7xx.o)
                0x0000000008004214                SystemInit
 .text.HAL_PCD_SetupStageCallback
                0x00000000080042b0        0xc ../../DaisyExamples/libDaisy/build/libdaisy.a(usbd_conf.o)
                0x00000000080042b0                HAL_PCD_SetupStageCallback
 .text.HAL_PCD_DataOutStageCallback
                0x00000000080042bc       0x14 ../../DaisyExamples/libDaisy/build/libdaisy.a(usbd_conf.o)
                0x00000000080042bc                HAL_PCD_DataOutStageCallback
 .text.HAL_PCD_DataInStageCallback
                0x00000000080042d0       0x14 ../../DaisyExamples/libDaisy/build/libdaisy.a(usbd_conf.o)
                0x00000000080042d0                HAL_PCD_DataInStageCallback
 .text.HAL_PCD_SOFCallback
                0x00000000080042e4        0x8 ../../DaisyExamples/libDaisy/build/libdaisy.a(usbd_conf.o)
                0x00000000080042e4                HAL_PCD_SOFCallback
 .text.HAL_PCD_ResetCallback
                0x00000000080042ec       0x24 ../../DaisyExamples/libDaisy/build/libdaisy.a(usbd_conf.o)
                0x00000000080042ec                HAL_PCD_ResetCallback
 .text.HAL_PCD_SuspendCallback
                0x0000000008004310       0x30 ../../DaisyExamples/libDaisy/build/libdaisy.a(usbd_conf.o)
                0x0000000008004310                HAL_PCD_SuspendCallback
 .text.HAL_PCD_ResumeCallback
                0x0000000008004340        0x8 ../../DaisyExamples/libDaisy/build/libdaisy.a(usbd_conf.o)
                0x0000000008004340                HAL_PCD_ResumeCallback
 .text.HAL_PCD_ISOOUTIncompleteCallback
                0x0000000008004348        0x8 ../../DaisyExamples/libDaisy/build/libdaisy.a(usbd_conf.o)
                0x0000000008004348                HAL_PCD_ISOOUTIncompleteCallback
 .text.HAL_PCD_ISOINIncompleteCallback
                0x0000000008004350        0x8 ../../DaisyExamples/libDaisy/build/libdaisy.a(usbd_conf.o)
                0x0000000008004350                HAL_PCD_ISOINIncompleteCallback
 .text.HAL_PCD_ConnectCallback
                0x0000000008004358        0x8 ../../DaisyExamples/libDaisy/build/libdaisy.a(usbd_conf.o)
                0x0000000008004358                HAL_PCD_ConnectCallback
 .text.HAL_PCD_DisconnectCallback
                0x0000000008004360        0x8 ../../DaisyExamples/libDaisy/build/libdaisy.a(usbd_conf.o)
                0x0000000008004360                HAL_PCD_DisconnectCallback
 .text.USBD_LL_OpenEP
                0x0000000008004368       0x24 ../../DaisyExamples/libDaisy/build/libdaisy.a(usbd_conf.o)
                0x0000000008004368                USBD_LL_OpenEP
 .text.USBD_LL_StallEP
                0x000000000800438c       0x1c ../../DaisyExamples/libDaisy/build/libdaisy.a(usbd_conf.o)
                0x000000000800438c                USBD_LL_StallEP
 .text.USBD_LL_ClearStallEP
                0x00000000080043a8       0x1c ../../DaisyExamples/libDaisy/build/libdaisy.a(usbd_conf.o)
                0x00000000080043a8                USBD_LL_ClearStallEP
 .text.USBD_LL_IsStallEP
                0x00000000080043c4       0x28 ../../DaisyExamples/libDaisy/build/libdaisy.a(usbd_conf.o)
                0x00000000080043c4                USBD_LL_IsStallEP
 .text.USBD_LL_SetUSBAddress
                0x00000000080043ec       0x1c ../../DaisyExamples/libDaisy/build/libdaisy.a(usbd_conf.o)
                0x00000000080043ec                USBD_LL_SetUSBAddress
 .text.USBD_LL_Transmit
                0x0000000008004408       0x1c ../../DaisyExamples/libDaisy/build/libdaisy.a(usbd_conf.o)
                0x0000000008004408                USBD_LL_Transmit
 .text.USBD_LL_PrepareReceive
                0x0000000008004424       0x1c ../../DaisyExamples/libDaisy/build/libdaisy.a(usbd_conf.o)
                0x0000000008004424                USBD_LL_PrepareReceive
 .text.HAL_HCD_SOF_Callback
                0x0000000008004440        0x8 ../../DaisyExamples/libDaisy/build/libdaisy.a(usbh_conf.o)
                0x0000000008004440                HAL_HCD_SOF_Callback
 .text.HAL_HCD_Connect_Callback
                0x0000000008004448        0x8 ../../DaisyExamples/libDaisy/build/libdaisy.a(usbh_conf.o)
                0x0000000008004448                HAL_HCD_Connect_Callback
 .text.HAL_HCD_Disconnect_Callback
                0x0000000008004450        0x8 ../../DaisyExamples/libDaisy/build/libdaisy.a(usbh_conf.o)
                0x0000000008004450                HAL_HCD_Disconnect_Callback
 .text.HAL_HCD_HC_NotifyURBChange_Callback
                0x0000000008004458        0x4 ../../DaisyExamples/libDaisy/build/libdaisy.a(usbh_conf.o)
                0x0000000008004458                HAL_HCD_HC_NotifyURBChange_Callback
 .text.HAL_HCD_PortEnabled_Callback
                0x000000000800445c        0x8 ../../DaisyExamples/libDaisy/build/libdaisy.a(usbh_conf.o)
                0x000000000800445c                HAL_HCD_PortEnabled_Callback
 .text.HAL_HCD_PortDisabled_Callback
                0x0000000008004464        0x8 ../../DaisyExamples/libDaisy/build/libdaisy.a(usbh_conf.o)
                0x0000000008004464                HAL_HCD_PortDisabled_Callback
 .text.USBH_LL_Stop
                0x000000000800446c       0x1c ../../DaisyExamples/libDaisy/build/libdaisy.a(usbh_conf.o)
                0x000000000800446c                USBH_LL_Stop
 .text.dsy_hal_map_get_port
                0x0000000008004488       0x10 ../../DaisyExamples/libDaisy/build/libdaisy.a(hal_map.o)
                0x0000000008004488                dsy_hal_map_get_port
 .text.dsy_hal_map_get_pin
                0x0000000008004498       0x10 ../../DaisyExamples/libDaisy/build/libdaisy.a(hal_map.o)
                0x0000000008004498                dsy_hal_map_get_pin
 .text.dsy_hal_map_gpio_clk_enable
                0x00000000080044a8      0x150 ../../DaisyExamples/libDaisy/build/libdaisy.a(hal_map.o)
                0x00000000080044a8                dsy_hal_map_gpio_clk_enable
 .text.HAL_MspInit
                0x00000000080045f8        0x4 ../../DaisyExamples/libDaisy/build/libdaisy.a(stm32h7xx_hal.o)
                0x00000000080045f8                HAL_MspInit
 .text.HAL_InitTick
                0x00000000080045fc       0x4c ../../DaisyExamples/libDaisy/build/libdaisy.a(stm32h7xx_hal.o)
                0x00000000080045fc                HAL_InitTick
 .text.HAL_Init
                0x0000000008004648       0x60 ../../DaisyExamples/libDaisy/build/libdaisy.a(stm32h7xx_hal.o)
                0x0000000008004648                HAL_Init
 .text.HAL_IncTick
                0x00000000080046a8       0x18 ../../DaisyExamples/libDaisy/build/libdaisy.a(stm32h7xx_hal.o)
                0x00000000080046a8                HAL_IncTick
 .text.HAL_GetTick
                0x00000000080046c0        0xc ../../DaisyExamples/libDaisy/build/libdaisy.a(stm32h7xx_hal.o)
                0x00000000080046c0                HAL_GetTick
 .text.HAL_Delay
                0x00000000080046cc       0x24 ../../DaisyExamples/libDaisy/build/libdaisy.a(stm32h7xx_hal.o)
                0x00000000080046cc                HAL_Delay
 .text.HAL_GetREVID
                0x00000000080046f0        0xc ../../DaisyExamples/libDaisy/build/libdaisy.a(stm32h7xx_hal.o)
                0x00000000080046f0                HAL_GetREVID
 .text.HAL_ADC_ConvHalfCpltCallback
                0x00000000080046fc        0x4 ../../DaisyExamples/libDaisy/build/libdaisy.a(stm32h7xx_hal_adc.o)
                0x00000000080046fc                HAL_ADC_ConvHalfCpltCallback
 .text.ADC_DMAHalfConvCplt
                0x0000000008004700        0xc ../../DaisyExamples/libDaisy/build/libdaisy.a(stm32h7xx_hal_adc.o)
                0x0000000008004700                ADC_DMAHalfConvCplt
 .text.ADC_DMAConvCplt
                0x000000000800470c       0x6c ../../DaisyExamples/libDaisy/build/libdaisy.a(stm32h7xx_hal_adc.o)
                0x000000000800470c                ADC_DMAConvCplt
 .text.ADC_DMAError
                0x0000000008004778       0x1c ../../DaisyExamples/libDaisy/build/libdaisy.a(stm32h7xx_hal_adc.o)
                0x0000000008004778                ADC_DMAError
 .text.HAL_ADC_ConfigChannel
                0x0000000008004794      0x3fc ../../DaisyExamples/libDaisy/build/libdaisy.a(stm32h7xx_hal_adc.o)
                0x0000000008004794                HAL_ADC_ConfigChannel
 .text.ADC_Enable
                0x0000000008004b90       0xac ../../DaisyExamples/libDaisy/build/libdaisy.a(stm32h7xx_hal_adc.o)
                0x0000000008004b90                ADC_Enable
 .text.HAL_ADC_Start_DMA
                0x0000000008004c3c      0x114 ../../DaisyExamples/libDaisy/build/libdaisy.a(stm32h7xx_hal_adc.o)
                0x0000000008004c3c                HAL_ADC_Start_DMA
 .text.ADC_Disable
                0x0000000008004d50       0x68 ../../DaisyExamples/libDaisy/build/libdaisy.a(stm32h7xx_hal_adc.o)
                0x0000000008004d50                ADC_Disable
 .text.ADC_ConfigureBoostMode
                0x0000000008004db8      0x184 ../../DaisyExamples/libDaisy/build/libdaisy.a(stm32h7xx_hal_adc.o)
                0x0000000008004db8                ADC_ConfigureBoostMode
 .text.HAL_ADC_Init
                0x0000000008004f3c      0x218 ../../DaisyExamples/libDaisy/build/libdaisy.a(stm32h7xx_hal_adc.o)
                0x0000000008004f3c                HAL_ADC_Init
 .text.HAL_ADCEx_Calibration_Start
                0x0000000008005154       0xa4 ../../DaisyExamples/libDaisy/build/libdaisy.a(stm32h7xx_hal_adc_ex.o)
                0x0000000008005154                HAL_ADCEx_Calibration_Start
 .text.HAL_ADCEx_MultiModeConfigChannel
                0x00000000080051f8       0xc4 ../../DaisyExamples/libDaisy/build/libdaisy.a(stm32h7xx_hal_adc_ex.o)
                0x00000000080051f8                HAL_ADCEx_MultiModeConfigChannel
 .text.HAL_NVIC_SetPriorityGrouping
                0x00000000080052bc       0x24 ../../DaisyExamples/libDaisy/build/libdaisy.a(stm32h7xx_hal_cortex.o)
                0x00000000080052bc                HAL_NVIC_SetPriorityGrouping
 .text.HAL_NVIC_SetPriority
                0x00000000080052e0       0x7c ../../DaisyExamples/libDaisy/build/libdaisy.a(stm32h7xx_hal_cortex.o)
                0x00000000080052e0                HAL_NVIC_SetPriority
 .text.HAL_NVIC_EnableIRQ
                0x000000000800535c       0x1c ../../DaisyExamples/libDaisy/build/libdaisy.a(stm32h7xx_hal_cortex.o)
                0x000000000800535c                HAL_NVIC_EnableIRQ
 .text.HAL_NVIC_DisableIRQ
                0x0000000008005378       0x28 ../../DaisyExamples/libDaisy/build/libdaisy.a(stm32h7xx_hal_cortex.o)
                0x0000000008005378                HAL_NVIC_DisableIRQ
 .text.HAL_SYSTICK_Config
                0x00000000080053a0       0x2c ../../DaisyExamples/libDaisy/build/libdaisy.a(stm32h7xx_hal_cortex.o)
                0x00000000080053a0                HAL_SYSTICK_Config
 .text.HAL_MPU_Disable
                0x00000000080053cc       0x1c ../../DaisyExamples/libDaisy/build/libdaisy.a(stm32h7xx_hal_cortex.o)
                0x00000000080053cc                HAL_MPU_Disable
 .text.HAL_MPU_Enable
                0x00000000080053e8       0x20 ../../DaisyExamples/libDaisy/build/libdaisy.a(stm32h7xx_hal_cortex.o)
                0x00000000080053e8                HAL_MPU_Enable
 .text.HAL_MPU_ConfigRegion
                0x0000000008005408       0x64 ../../DaisyExamples/libDaisy/build/libdaisy.a(stm32h7xx_hal_cortex.o)
                0x0000000008005408                HAL_MPU_ConfigRegion
 .text.HAL_SYSTICK_Callback
                0x000000000800546c        0x4 ../../DaisyExamples/libDaisy/build/libdaisy.a(stm32h7xx_hal_cortex.o)
                0x000000000800546c                HAL_SYSTICK_Callback
 .text.HAL_SYSTICK_IRQHandler
                0x0000000008005470        0x8 ../../DaisyExamples/libDaisy/build/libdaisy.a(stm32h7xx_hal_cortex.o)
                0x0000000008005470                HAL_SYSTICK_IRQHandler
 .text.DMA_CalcBaseAndBitshift
                0x0000000008005478       0xf4 ../../DaisyExamples/libDaisy/build/libdaisy.a(stm32h7xx_hal_dma.o)
 .text.DMA_CalcDMAMUXChannelBaseAndMask
                0x000000000800556c       0xd8 ../../DaisyExamples/libDaisy/build/libdaisy.a(stm32h7xx_hal_dma.o)
 .text.HAL_DMA_Init
                0x0000000008005644      0x37c ../../DaisyExamples/libDaisy/build/libdaisy.a(stm32h7xx_hal_dma.o)
                0x0000000008005644                HAL_DMA_Init
 .text.HAL_DMA_Start_IT
                0x00000000080059c0      0x240 ../../DaisyExamples/libDaisy/build/libdaisy.a(stm32h7xx_hal_dma.o)
                0x00000000080059c0                HAL_DMA_Start_IT
 .text.HAL_DMA_Abort_IT
                0x0000000008005c00      0x134 ../../DaisyExamples/libDaisy/build/libdaisy.a(stm32h7xx_hal_dma.o)
                0x0000000008005c00                HAL_DMA_Abort_IT
 .text.HAL_DMA_IRQHandler
                0x0000000008005d34      0x6a0 ../../DaisyExamples/libDaisy/build/libdaisy.a(stm32h7xx_hal_dma.o)
                0x0000000008005d34                HAL_DMA_IRQHandler
 .text.HAL_DMA_GetError
                0x00000000080063d4        0x4 ../../DaisyExamples/libDaisy/build/libdaisy.a(stm32h7xx_hal_dma.o)
                0x00000000080063d4                HAL_DMA_GetError
 .text.HAL_GPIO_Init
                0x00000000080063d8      0x280 ../../DaisyExamples/libDaisy/build/libdaisy.a(stm32h7xx_hal_gpio.o)
                0x00000000080063d8                HAL_GPIO_Init
 .text.HAL_GPIO_DeInit
                0x0000000008006658      0x190 ../../DaisyExamples/libDaisy/build/libdaisy.a(stm32h7xx_hal_gpio.o)
                0x0000000008006658                HAL_GPIO_DeInit
 .text.HAL_GPIO_ReadPin
                0x00000000080067e8        0xc ../../DaisyExamples/libDaisy/build/libdaisy.a(stm32h7xx_hal_gpio.o)
                0x00000000080067e8                HAL_GPIO_ReadPin
 .text.HAL_GPIO_WritePin
                0x00000000080067f4        0x8 ../../DaisyExamples/libDaisy/build/libdaisy.a(stm32h7xx_hal_gpio.o)
                0x00000000080067f4                HAL_GPIO_WritePin
 .text.HAL_HCD_IRQHandler
                0x00000000080067fc      0x780 ../../DaisyExamples/libDaisy/build/libdaisy.a(stm32h7xx_hal_hcd.o)
                0x00000000080067fc                HAL_HCD_IRQHandler
 .text.HAL_HCD_Stop
                0x0000000008006f7c       0x28 ../../DaisyExamples/libDaisy/build/libdaisy.a(stm32h7xx_hal_hcd.o)
                0x0000000008006f7c                HAL_HCD_Stop
 .text.I2C_WaitOnTXISFlagUntilTimeout
                0x0000000008006fa4       0xb8 ../../DaisyExamples/libDaisy/build/libdaisy.a(stm32h7xx_hal_i2c.o)
 .text.I2C_WaitOnSTOPFlagUntilTimeout
                0x000000000800705c       0xac ../../DaisyExamples/libDaisy/build/libdaisy.a(stm32h7xx_hal_i2c.o)
 .text.HAL_I2C_Init
                0x0000000008007108       0xac ../../DaisyExamples/libDaisy/build/libdaisy.a(stm32h7xx_hal_i2c.o)
                0x0000000008007108                HAL_I2C_Init
 .text.HAL_I2C_Master_Transmit
                0x00000000080071b4      0x1a8 ../../DaisyExamples/libDaisy/build/libdaisy.a(stm32h7xx_hal_i2c.o)
                0x00000000080071b4                HAL_I2C_Master_Transmit
 .text.HAL_I2C_Slave_Transmit
                0x000000000800735c      0x1c8 ../../DaisyExamples/libDaisy/build/libdaisy.a(stm32h7xx_hal_i2c.o)
                0x000000000800735c                HAL_I2C_Slave_Transmit
 .text.HAL_I2C_EV_IRQHandler
                0x0000000008007524       0x10 ../../DaisyExamples/libDaisy/build/libdaisy.a(stm32h7xx_hal_i2c.o)
                0x0000000008007524                HAL_I2C_EV_IRQHandler
 .text.HAL_I2C_GetState
                0x0000000008007534        0x8 ../../DaisyExamples/libDaisy/build/libdaisy.a(stm32h7xx_hal_i2c.o)
                0x0000000008007534                HAL_I2C_GetState
 .text.HAL_I2CEx_ConfigAnalogFilter
                0x000000000800753c       0x54 ../../DaisyExamples/libDaisy/build/libdaisy.a(stm32h7xx_hal_i2c_ex.o)
                0x000000000800753c                HAL_I2CEx_ConfigAnalogFilter
 .text.HAL_I2CEx_ConfigDigitalFilter
                0x0000000008007590       0x58 ../../DaisyExamples/libDaisy/build/libdaisy.a(stm32h7xx_hal_i2c_ex.o)
                0x0000000008007590                HAL_I2CEx_ConfigDigitalFilter
 .text.HAL_PCD_IRQHandler
                0x00000000080075e8      0x69c ../../DaisyExamples/libDaisy/build/libdaisy.a(stm32h7xx_hal_pcd.o)
                0x00000000080075e8                HAL_PCD_IRQHandler
 .text.HAL_PCD_SetAddress
                0x0000000008007c84       0x2c ../../DaisyExamples/libDaisy/build/libdaisy.a(stm32h7xx_hal_pcd.o)
                0x0000000008007c84                HAL_PCD_SetAddress
 .text.HAL_PCD_EP_Open
                0x0000000008007cb0       0x7c ../../DaisyExamples/libDaisy/build/libdaisy.a(stm32h7xx_hal_pcd.o)
                0x0000000008007cb0                HAL_PCD_EP_Open
 .text.HAL_PCD_EP_Receive
                0x0000000008007d2c       0x50 ../../DaisyExamples/libDaisy/build/libdaisy.a(stm32h7xx_hal_pcd.o)
                0x0000000008007d2c                HAL_PCD_EP_Receive
 .text.HAL_PCD_EP_Transmit
                0x0000000008007d7c       0x50 ../../DaisyExamples/libDaisy/build/libdaisy.a(stm32h7xx_hal_pcd.o)
                0x0000000008007d7c                HAL_PCD_EP_Transmit
 .text.HAL_PCD_EP_SetStall
                0x0000000008007dcc       0x88 ../../DaisyExamples/libDaisy/build/libdaisy.a(stm32h7xx_hal_pcd.o)
                0x0000000008007dcc                HAL_PCD_EP_SetStall
 .text.HAL_PCD_EP_ClrStall
                0x0000000008007e54       0x78 ../../DaisyExamples/libDaisy/build/libdaisy.a(stm32h7xx_hal_pcd.o)
                0x0000000008007e54                HAL_PCD_EP_ClrStall
 .text.HAL_PCDEx_LPM_Callback
                0x0000000008007ecc        0x4 ../../DaisyExamples/libDaisy/build/libdaisy.a(stm32h7xx_hal_pcd_ex.o)
                0x0000000008007ecc                HAL_PCDEx_LPM_Callback
 .text.HAL_PWREx_ConfigSupply
                0x0000000008007ed0       0x4c ../../DaisyExamples/libDaisy/build/libdaisy.a(stm32h7xx_hal_pwr_ex.o)
                0x0000000008007ed0                HAL_PWREx_ConfigSupply
 .text.HAL_PWREx_EnableUSBVoltageDetector
                0x0000000008007f1c       0x10 ../../DaisyExamples/libDaisy/build/libdaisy.a(stm32h7xx_hal_pwr_ex.o)
                0x0000000008007f1c                HAL_PWREx_EnableUSBVoltageDetector
 .text.QSPI_Config
                0x0000000008007f2c      0x174 ../../DaisyExamples/libDaisy/build/libdaisy.a(stm32h7xx_hal_qspi.o)
 .text.HAL_QSPI_Init
                0x00000000080080a0       0xd8 ../../DaisyExamples/libDaisy/build/libdaisy.a(stm32h7xx_hal_qspi.o)
                0x00000000080080a0                HAL_QSPI_Init
 .text.HAL_QSPI_DeInit
                0x0000000008008178       0x3c ../../DaisyExamples/libDaisy/build/libdaisy.a(stm32h7xx_hal_qspi.o)
                0x0000000008008178                HAL_QSPI_DeInit
 .text.HAL_QSPI_Command
                0x00000000080081b4       0xd4 ../../DaisyExamples/libDaisy/build/libdaisy.a(stm32h7xx_hal_qspi.o)
                0x00000000080081b4                HAL_QSPI_Command
 .text.HAL_QSPI_Transmit
                0x0000000008008288       0xfc ../../DaisyExamples/libDaisy/build/libdaisy.a(stm32h7xx_hal_qspi.o)
                0x0000000008008288                HAL_QSPI_Transmit
 .text.HAL_QSPI_Receive
                0x0000000008008384      0x108 ../../DaisyExamples/libDaisy/build/libdaisy.a(stm32h7xx_hal_qspi.o)
                0x0000000008008384                HAL_QSPI_Receive
 .text.HAL_QSPI_AutoPolling
                0x000000000800848c       0xf0 ../../DaisyExamples/libDaisy/build/libdaisy.a(stm32h7xx_hal_qspi.o)
                0x000000000800848c                HAL_QSPI_AutoPolling
 .text.HAL_QSPI_MemoryMapped
                0x000000000800857c       0xc0 ../../DaisyExamples/libDaisy/build/libdaisy.a(stm32h7xx_hal_qspi.o)
                0x000000000800857c                HAL_QSPI_MemoryMapped
 .text.HAL_QSPI_ErrorCallback
                0x000000000800863c        0x4 ../../DaisyExamples/libDaisy/build/libdaisy.a(stm32h7xx_hal_qspi.o)
                0x000000000800863c                HAL_QSPI_ErrorCallback
 .text.QSPI_DMAAbortCplt
                0x0000000008008640       0x38 ../../DaisyExamples/libDaisy/build/libdaisy.a(stm32h7xx_hal_qspi.o)
 .text.HAL_QSPI_AbortCpltCallback
                0x0000000008008678        0x4 ../../DaisyExamples/libDaisy/build/libdaisy.a(stm32h7xx_hal_qspi.o)
                0x0000000008008678                HAL_QSPI_AbortCpltCallback
 .text.HAL_QSPI_CmdCpltCallback
                0x000000000800867c        0x4 ../../DaisyExamples/libDaisy/build/libdaisy.a(stm32h7xx_hal_qspi.o)
                0x000000000800867c                HAL_QSPI_CmdCpltCallback
 .text.HAL_QSPI_RxCpltCallback
                0x0000000008008680        0x4 ../../DaisyExamples/libDaisy/build/libdaisy.a(stm32h7xx_hal_qspi.o)
                0x0000000008008680                HAL_QSPI_RxCpltCallback
 .text.HAL_QSPI_TxCpltCallback
                0x0000000008008684        0x4 ../../DaisyExamples/libDaisy/build/libdaisy.a(stm32h7xx_hal_qspi.o)
                0x0000000008008684                HAL_QSPI_TxCpltCallback
 .text.HAL_QSPI_FifoThresholdCallback
                0x0000000008008688        0x4 ../../DaisyExamples/libDaisy/build/libdaisy.a(stm32h7xx_hal_qspi.o)
                0x0000000008008688                HAL_QSPI_FifoThresholdCallback
 .text.HAL_QSPI_StatusMatchCallback
                0x000000000800868c        0x4 ../../DaisyExamples/libDaisy/build/libdaisy.a(stm32h7xx_hal_qspi.o)
                0x000000000800868c                HAL_QSPI_StatusMatchCallback
 .text.HAL_QSPI_TimeOutCallback
                0x0000000008008690        0x4 ../../DaisyExamples/libDaisy/build/libdaisy.a(stm32h7xx_hal_qspi.o)
                0x0000000008008690                HAL_QSPI_TimeOutCallback
 .text.HAL_QSPI_IRQHandler
                0x0000000008008694      0x210 ../../DaisyExamples/libDaisy/build/libdaisy.a(stm32h7xx_hal_qspi.o)
                0x0000000008008694                HAL_QSPI_IRQHandler
 .text.HAL_RCC_OscConfig
                0x00000000080088a4      0x51c ../../DaisyExamples/libDaisy/build/libdaisy.a(stm32h7xx_hal_rcc.o)
                0x00000000080088a4                HAL_RCC_OscConfig
 .text.HAL_RCC_GetSysClockFreq
                0x0000000008008dc0      0x140 ../../DaisyExamples/libDaisy/build/libdaisy.a(stm32h7xx_hal_rcc.o)
                0x0000000008008dc0                HAL_RCC_GetSysClockFreq
 .text.HAL_RCC_ClockConfig
                0x0000000008008f00      0x234 ../../DaisyExamples/libDaisy/build/libdaisy.a(stm32h7xx_hal_rcc.o)
                0x0000000008008f00                HAL_RCC_ClockConfig
 .text.HAL_RCC_GetHCLKFreq
                0x0000000008009134       0x2c ../../DaisyExamples/libDaisy/build/libdaisy.a(stm32h7xx_hal_rcc.o)
                0x0000000008009134                HAL_RCC_GetHCLKFreq
 .text.HAL_RCC_GetPCLK1Freq
                0x0000000008009160       0x38 ../../DaisyExamples/libDaisy/build/libdaisy.a(stm32h7xx_hal_rcc.o)
                0x0000000008009160                HAL_RCC_GetPCLK1Freq
 .text.HAL_RCC_GetPCLK2Freq
                0x0000000008009198       0x38 ../../DaisyExamples/libDaisy/build/libdaisy.a(stm32h7xx_hal_rcc.o)
                0x0000000008009198                HAL_RCC_GetPCLK2Freq
 .text.RCCEx_PLL2_Config
                0x00000000080091d0       0xf4 ../../DaisyExamples/libDaisy/build/libdaisy.a(stm32h7xx_hal_rcc_ex.o)
 .text.RCCEx_PLL3_Config
                0x00000000080092c4       0xf4 ../../DaisyExamples/libDaisy/build/libdaisy.a(stm32h7xx_hal_rcc_ex.o)
 .text.HAL_RCCEx_PeriphCLKConfig
                0x00000000080093b8      0xa7c ../../DaisyExamples/libDaisy/build/libdaisy.a(stm32h7xx_hal_rcc_ex.o)
                0x00000000080093b8                HAL_RCCEx_PeriphCLKConfig
 .text.HAL_RCCEx_GetD3PCLK1Freq
                0x0000000008009e34       0x24 ../../DaisyExamples/libDaisy/build/libdaisy.a(stm32h7xx_hal_rcc_ex.o)
                0x0000000008009e34                HAL_RCCEx_GetD3PCLK1Freq
 .text.HAL_RCCEx_GetPLL2ClockFreq
                0x0000000008009e58      0x17c ../../DaisyExamples/libDaisy/build/libdaisy.a(stm32h7xx_hal_rcc_ex.o)
                0x0000000008009e58                HAL_RCCEx_GetPLL2ClockFreq
 .text.HAL_RCCEx_GetPLL3ClockFreq
                0x0000000008009fd4      0x17c ../../DaisyExamples/libDaisy/build/libdaisy.a(stm32h7xx_hal_rcc_ex.o)
                0x0000000008009fd4                HAL_RCCEx_GetPLL3ClockFreq
 .text.HAL_RCCEx_GetPLL1ClockFreq
                0x000000000800a150      0x17c ../../DaisyExamples/libDaisy/build/libdaisy.a(stm32h7xx_hal_rcc_ex.o)
                0x000000000800a150                HAL_RCCEx_GetPLL1ClockFreq
 .text.HAL_RCCEx_GetPeriphCLKFreq
                0x000000000800a2cc      0x198 ../../DaisyExamples/libDaisy/build/libdaisy.a(stm32h7xx_hal_rcc_ex.o)
                0x000000000800a2cc                HAL_RCCEx_GetPeriphCLKFreq
 .text.HAL_RCCEx_GetD1SysClockFreq
                0x000000000800a464       0x2c ../../DaisyExamples/libDaisy/build/libdaisy.a(stm32h7xx_hal_rcc_ex.o)
                0x000000000800a464                HAL_RCCEx_GetD1SysClockFreq
 .text.HAL_SAI_Init.part.0
                0x000000000800a490      0x348 ../../DaisyExamples/libDaisy/build/libdaisy.a(stm32h7xx_hal_sai.o)
 .text.HAL_SAI_InitProtocol
                0x000000000800a7d8      0x178 ../../DaisyExamples/libDaisy/build/libdaisy.a(stm32h7xx_hal_sai.o)
                0x000000000800a7d8                HAL_SAI_InitProtocol
 .text.HAL_SAI_Transmit_DMA
                0x000000000800a950      0x124 ../../DaisyExamples/libDaisy/build/libdaisy.a(stm32h7xx_hal_sai.o)
                0x000000000800a950                HAL_SAI_Transmit_DMA
 .text.HAL_SAI_Receive_DMA
                0x000000000800aa74       0xd0 ../../DaisyExamples/libDaisy/build/libdaisy.a(stm32h7xx_hal_sai.o)
                0x000000000800aa74                HAL_SAI_Receive_DMA
 .text.HAL_SAI_TxCpltCallback
                0x000000000800ab44        0x4 ../../DaisyExamples/libDaisy/build/libdaisy.a(stm32h7xx_hal_sai.o)
                0x000000000800ab44                HAL_SAI_TxCpltCallback
 .text.SAI_DMATxCplt
                0x000000000800ab48       0x64 ../../DaisyExamples/libDaisy/build/libdaisy.a(stm32h7xx_hal_sai.o)
 .text.HAL_SAI_TxHalfCpltCallback
                0x000000000800abac        0x4 ../../DaisyExamples/libDaisy/build/libdaisy.a(stm32h7xx_hal_sai.o)
                0x000000000800abac                HAL_SAI_TxHalfCpltCallback
 .text.SAI_DMATxHalfCplt
                0x000000000800abb0        0xc ../../DaisyExamples/libDaisy/build/libdaisy.a(stm32h7xx_hal_sai.o)
 .text.SAI_DMARxCplt
                0x000000000800abbc       0x64 ../../DaisyExamples/libDaisy/build/libdaisy.a(stm32h7xx_hal_sai.o)
 .text.SAI_DMARxHalfCplt
                0x000000000800ac20        0xc ../../DaisyExamples/libDaisy/build/libdaisy.a(stm32h7xx_hal_sai.o)
 .text.HAL_SAI_ErrorCallback
                0x000000000800ac2c        0x4 ../../DaisyExamples/libDaisy/build/libdaisy.a(stm32h7xx_hal_sai.o)
                0x000000000800ac2c                HAL_SAI_ErrorCallback
 .text.SAI_DMAError
                0x000000000800ac30       0x6c ../../DaisyExamples/libDaisy/build/libdaisy.a(stm32h7xx_hal_sai.o)
 .text.HAL_SDRAM_Init
                0x000000000800ac9c       0x54 ../../DaisyExamples/libDaisy/build/libdaisy.a(stm32h7xx_hal_sdram.o)
                0x000000000800ac9c                HAL_SDRAM_Init
 .text.HAL_SDRAM_SendCommand
                0x000000000800acf0       0x40 ../../DaisyExamples/libDaisy/build/libdaisy.a(stm32h7xx_hal_sdram.o)
                0x000000000800acf0                HAL_SDRAM_SendCommand
 .text.HAL_SDRAM_ProgramRefreshRate
                0x000000000800ad30       0x30 ../../DaisyExamples/libDaisy/build/libdaisy.a(stm32h7xx_hal_sdram.o)
                0x000000000800ad30                HAL_SDRAM_ProgramRefreshRate
 .text.FMC_SDRAM_Init
                0x000000000800ad60       0x7c ../../DaisyExamples/libDaisy/build/libdaisy.a(stm32h7xx_ll_fmc.o)
                0x000000000800ad60                FMC_SDRAM_Init
 .text.FMC_SDRAM_Timing_Init
                0x000000000800addc       0x98 ../../DaisyExamples/libDaisy/build/libdaisy.a(stm32h7xx_ll_fmc.o)
                0x000000000800addc                FMC_SDRAM_Timing_Init
 .text.FMC_SDRAM_SendCommand
                0x000000000800ae74       0x28 ../../DaisyExamples/libDaisy/build/libdaisy.a(stm32h7xx_ll_fmc.o)
                0x000000000800ae74                FMC_SDRAM_SendCommand
 .text.FMC_SDRAM_ProgramRefreshRate
                0x000000000800ae9c       0x1c ../../DaisyExamples/libDaisy/build/libdaisy.a(stm32h7xx_ll_fmc.o)
                0x000000000800ae9c                FMC_SDRAM_ProgramRefreshRate
 .text.USB_SetTurnaroundTime
                0x000000000800aeb8      0x104 ../../DaisyExamples/libDaisy/build/libdaisy.a(stm32h7xx_ll_usb.o)
                0x000000000800aeb8                USB_SetTurnaroundTime
 .text.USB_FlushTxFifo
                0x000000000800afbc       0x34 ../../DaisyExamples/libDaisy/build/libdaisy.a(stm32h7xx_ll_usb.o)
                0x000000000800afbc                USB_FlushTxFifo
 .text.USB_GetDevSpeed
                0x000000000800aff0       0x24 ../../DaisyExamples/libDaisy/build/libdaisy.a(stm32h7xx_ll_usb.o)
                0x000000000800aff0                USB_GetDevSpeed
 .text.USB_ActivateEndpoint
                0x000000000800b014       0x90 ../../DaisyExamples/libDaisy/build/libdaisy.a(stm32h7xx_ll_usb.o)
                0x000000000800b014                USB_ActivateEndpoint
 .text.USB_EPStartXfer
                0x000000000800b0a4      0x230 ../../DaisyExamples/libDaisy/build/libdaisy.a(stm32h7xx_ll_usb.o)
                0x000000000800b0a4                USB_EPStartXfer
 .text.USB_EP0StartXfer
                0x000000000800b2d4      0x174 ../../DaisyExamples/libDaisy/build/libdaisy.a(stm32h7xx_ll_usb.o)
                0x000000000800b2d4                USB_EP0StartXfer
 .text.USB_WritePacket
                0x000000000800b448       0x2c ../../DaisyExamples/libDaisy/build/libdaisy.a(stm32h7xx_ll_usb.o)
                0x000000000800b448                USB_WritePacket
 .text.USB_ReadPacket
                0x000000000800b474       0x20 ../../DaisyExamples/libDaisy/build/libdaisy.a(stm32h7xx_ll_usb.o)
                0x000000000800b474                USB_ReadPacket
 .text.USB_EPSetStall
                0x000000000800b494       0x68 ../../DaisyExamples/libDaisy/build/libdaisy.a(stm32h7xx_ll_usb.o)
                0x000000000800b494                USB_EPSetStall
 .text.USB_EPClearStall
                0x000000000800b4fc       0x58 ../../DaisyExamples/libDaisy/build/libdaisy.a(stm32h7xx_ll_usb.o)
                0x000000000800b4fc                USB_EPClearStall
 .text.USB_SetDevAddress
                0x000000000800b554       0x24 ../../DaisyExamples/libDaisy/build/libdaisy.a(stm32h7xx_ll_usb.o)
                0x000000000800b554                USB_SetDevAddress
 .text.USB_ReadInterrupts
                0x000000000800b578       0x14 ../../DaisyExamples/libDaisy/build/libdaisy.a(stm32h7xx_ll_usb.o)
                0x000000000800b578                USB_ReadInterrupts
 .text.USB_ReadDevAllOutEpInterrupt
                0x000000000800b58c       0x1c ../../DaisyExamples/libDaisy/build/libdaisy.a(stm32h7xx_ll_usb.o)
                0x000000000800b58c                USB_ReadDevAllOutEpInterrupt
 .text.USB_ReadDevAllInEpInterrupt
                0x000000000800b5a8       0x1c ../../DaisyExamples/libDaisy/build/libdaisy.a(stm32h7xx_ll_usb.o)
                0x000000000800b5a8                USB_ReadDevAllInEpInterrupt
 .text.USB_ReadDevOutEPInterrupt
                0x000000000800b5c4       0x1c ../../DaisyExamples/libDaisy/build/libdaisy.a(stm32h7xx_ll_usb.o)
                0x000000000800b5c4                USB_ReadDevOutEPInterrupt
 .text.USB_ReadDevInEPInterrupt
                0x000000000800b5e0       0x38 ../../DaisyExamples/libDaisy/build/libdaisy.a(stm32h7xx_ll_usb.o)
                0x000000000800b5e0                USB_ReadDevInEPInterrupt
 .text.USB_GetMode
                0x000000000800b618        0x8 ../../DaisyExamples/libDaisy/build/libdaisy.a(stm32h7xx_ll_usb.o)
                0x000000000800b618                USB_GetMode
 .text.USB_ActivateSetup
                0x000000000800b620       0x38 ../../DaisyExamples/libDaisy/build/libdaisy.a(stm32h7xx_ll_usb.o)
                0x000000000800b620                USB_ActivateSetup
 .text.USB_EP0_OutStart
                0x000000000800b658       0x58 ../../DaisyExamples/libDaisy/build/libdaisy.a(stm32h7xx_ll_usb.o)
                0x000000000800b658                USB_EP0_OutStart
 .text.USB_InitFSLSPClkSel
                0x000000000800b6b0       0x44 ../../DaisyExamples/libDaisy/build/libdaisy.a(stm32h7xx_ll_usb.o)
                0x000000000800b6b0                USB_InitFSLSPClkSel
 .text.USB_HC_ReadInterrupt
                0x000000000800b6f4        0x8 ../../DaisyExamples/libDaisy/build/libdaisy.a(stm32h7xx_ll_usb.o)
                0x000000000800b6f4                USB_HC_ReadInterrupt
 .text.USB_HC_Halt
                0x000000000800b6fc       0xc0 ../../DaisyExamples/libDaisy/build/libdaisy.a(stm32h7xx_ll_usb.o)
                0x000000000800b6fc                USB_HC_Halt
 .text.USB_StopHost
                0x000000000800b7bc      0x2ec ../../DaisyExamples/libDaisy/build/libdaisy.a(stm32h7xx_ll_usb.o)
                0x000000000800b7bc                USB_StopHost
 .text.USBD_SetClassConfig
                0x000000000800baa8       0x14 ../../DaisyExamples/libDaisy/build/libdaisy.a(usbd_core.o)
                0x000000000800baa8                USBD_SetClassConfig
 .text.USBD_ClrClassConfig
                0x000000000800babc       0x10 ../../DaisyExamples/libDaisy/build/libdaisy.a(usbd_core.o)
                0x000000000800babc                USBD_ClrClassConfig
 .text.USBD_LL_SetupStage
                0x000000000800bacc       0x5c ../../DaisyExamples/libDaisy/build/libdaisy.a(usbd_core.o)
                0x000000000800bacc                USBD_LL_SetupStage
 .text.USBD_LL_DataOutStage
                0x000000000800bb28       0x7c ../../DaisyExamples/libDaisy/build/libdaisy.a(usbd_core.o)
                0x000000000800bb28                USBD_LL_DataOutStage
 .text.USBD_LL_DataInStage
                0x000000000800bba4       0xcc ../../DaisyExamples/libDaisy/build/libdaisy.a(usbd_core.o)
                0x000000000800bba4                USBD_LL_DataInStage
 .text.USBD_LL_Reset
                0x000000000800bc70       0x50 ../../DaisyExamples/libDaisy/build/libdaisy.a(usbd_core.o)
                0x000000000800bc70                USBD_LL_Reset
 .text.USBD_LL_SetSpeed
                0x000000000800bcc0        0x8 ../../DaisyExamples/libDaisy/build/libdaisy.a(usbd_core.o)
                0x000000000800bcc0                USBD_LL_SetSpeed
 .text.USBD_LL_Suspend
                0x000000000800bcc8       0x14 ../../DaisyExamples/libDaisy/build/libdaisy.a(usbd_core.o)
                0x000000000800bcc8                USBD_LL_Suspend
 .text.USBD_LL_Resume
                0x000000000800bcdc       0x10 ../../DaisyExamples/libDaisy/build/libdaisy.a(usbd_core.o)
                0x000000000800bcdc                USBD_LL_Resume
 .text.USBD_LL_SOF
                0x000000000800bcec       0x1c ../../DaisyExamples/libDaisy/build/libdaisy.a(usbd_core.o)
                0x000000000800bcec                USBD_LL_SOF
 .text.USBD_LL_IsoINIncomplete
                0x000000000800bd08        0x4 ../../DaisyExamples/libDaisy/build/libdaisy.a(usbd_core.o)
                0x000000000800bd08                USBD_LL_IsoINIncomplete
 .text.USBD_LL_IsoOUTIncomplete
                0x000000000800bd0c        0x4 ../../DaisyExamples/libDaisy/build/libdaisy.a(usbd_core.o)
                0x000000000800bd0c                USBD_LL_IsoOUTIncomplete
 .text.USBD_LL_DevConnected
                0x000000000800bd10        0x4 ../../DaisyExamples/libDaisy/build/libdaisy.a(usbd_core.o)
                0x000000000800bd10                USBD_LL_DevConnected
 .text.USBD_LL_DevDisconnected
                0x000000000800bd14       0x18 ../../DaisyExamples/libDaisy/build/libdaisy.a(usbd_core.o)
                0x000000000800bd14                USBD_LL_DevDisconnected
 .text.USBD_StdDevReq
                0x000000000800bd2c      0x304 ../../DaisyExamples/libDaisy/build/libdaisy.a(usbd_ctlreq.o)
                0x000000000800bd2c                USBD_StdDevReq
 .text.USBD_StdItfReq
                0x000000000800c030       0x68 ../../DaisyExamples/libDaisy/build/libdaisy.a(usbd_ctlreq.o)
                0x000000000800c030                USBD_StdItfReq
 .text.USBD_StdEPReq
                0x000000000800c098      0x13c ../../DaisyExamples/libDaisy/build/libdaisy.a(usbd_ctlreq.o)
                0x000000000800c098                USBD_StdEPReq
 .text.USBD_ParseSetupRequest
                0x000000000800c1d4       0x28 ../../DaisyExamples/libDaisy/build/libdaisy.a(usbd_ctlreq.o)
                0x000000000800c1d4                USBD_ParseSetupRequest
 .text.USBD_CtlSendData
                0x000000000800c1fc       0x1c ../../DaisyExamples/libDaisy/build/libdaisy.a(usbd_ioreq.o)
                0x000000000800c1fc                USBD_CtlSendData
 .text.USBD_CtlContinueSendData
                0x000000000800c218       0x14 ../../DaisyExamples/libDaisy/build/libdaisy.a(usbd_ioreq.o)
                0x000000000800c218                USBD_CtlContinueSendData
 .text.USBD_CtlContinueRx
                0x000000000800c22c       0x14 ../../DaisyExamples/libDaisy/build/libdaisy.a(usbd_ioreq.o)
                0x000000000800c22c                USBD_CtlContinueRx
 .text.USBD_CtlSendStatus
                0x000000000800c240       0x18 ../../DaisyExamples/libDaisy/build/libdaisy.a(usbd_ioreq.o)
                0x000000000800c240                USBD_CtlSendStatus
 .text.USBD_CtlReceiveStatus
                0x000000000800c258       0x18 ../../DaisyExamples/libDaisy/build/libdaisy.a(usbd_ioreq.o)
                0x000000000800c258                USBD_CtlReceiveStatus
 .text.USBH_LL_IncTimer
                0x000000000800c270       0x20 ../../DaisyExamples/libDaisy/build/libdaisy.a(usbh_core.o)
                0x000000000800c270                USBH_LL_IncTimer
 .text.USBH_LL_PortEnabled
                0x000000000800c290        0x8 ../../DaisyExamples/libDaisy/build/libdaisy.a(usbh_core.o)
                0x000000000800c290                USBH_LL_PortEnabled
 .text.USBH_LL_PortDisabled
                0x000000000800c298        0x8 ../../DaisyExamples/libDaisy/build/libdaisy.a(usbh_core.o)
                0x000000000800c298                USBH_LL_PortDisabled
 .text.USBH_LL_Connect
                0x000000000800c2a0       0x18 ../../DaisyExamples/libDaisy/build/libdaisy.a(usbh_core.o)
                0x000000000800c2a0                USBH_LL_Connect
 .text.USBH_LL_Disconnect
                0x000000000800c2b8       0x2c ../../DaisyExamples/libDaisy/build/libdaisy.a(usbh_core.o)
                0x000000000800c2b8                USBH_LL_Disconnect
 .text.USBH_FreePipe
                0x000000000800c2e4       0x18 ../../DaisyExamples/libDaisy/build/libdaisy.a(usbh_pipes.o)
                0x000000000800c2e4                USBH_FreePipe
 .text._ZN5daisy6Random4InitEv
                0x000000000800c2fc       0x3c ../../DaisyExamples/libDaisy/build/libdaisy.a(rng.o)
                0x000000000800c2fc                daisy::Random::Init()
 .text._ZN5daisy9SpiHandle4Impl7InitDmaEv
                0x000000000800c338       0xec ../../DaisyExamples/libDaisy/build/libdaisy.a(spi.o)
                0x000000000800c338                daisy::SpiHandle::Impl::InitDma()
 .text._ZN5daisy9SpiHandle4Impl10StartDmaTxEPhjPFvPvEPFvS3_NS0_6ResultEES3_
                0x000000000800c424       0xc8 ../../DaisyExamples/libDaisy/build/libdaisy.a(spi.o)
                0x000000000800c424                daisy::SpiHandle::Impl::StartDmaTx(unsigned char*, unsigned int, void (*)(void*), void (*)(void*, daisy::SpiHandle::Result), void*)
 .text._ZN5daisy9SpiHandle4Impl10StartDmaRxEPhjPFvPvEPFvS3_NS0_6ResultEES3_
                0x000000000800c4ec       0xc8 ../../DaisyExamples/libDaisy/build/libdaisy.a(spi.o)
                0x000000000800c4ec                daisy::SpiHandle::Impl::StartDmaRx(unsigned char*, unsigned int, void (*)(void*), void (*)(void*, daisy::SpiHandle::Result), void*)
 .text._ZN5daisy9SpiHandle4Impl12StartDmaRxTxEPhS2_jPFvPvEPFvS3_NS0_6ResultEES3_
                0x000000000800c5b4       0xcc ../../DaisyExamples/libDaisy/build/libdaisy.a(spi.o)
                0x000000000800c5b4                daisy::SpiHandle::Impl::StartDmaRxTx(unsigned char*, unsigned char*, unsigned int, void (*)(void*), void (*)(void*, daisy::SpiHandle::Result), void*)
 .text._ZN5daisy9SpiHandle4Impl8InitPinsEv
                0x000000000800c680      0x274 ../../DaisyExamples/libDaisy/build/libdaisy.a(spi.o)
                0x000000000800c680                daisy::SpiHandle::Impl::InitPins()
 .text.HAL_SPI_MspInit
                0x000000000800c8f4      0x1a8 ../../DaisyExamples/libDaisy/build/libdaisy.a(spi.o)
                0x000000000800c8f4                HAL_SPI_MspInit
 .text.dsy_spi_global_init
                0x000000000800ca9c       0x80 ../../DaisyExamples/libDaisy/build/libdaisy.a(spi.o)
                0x000000000800ca9c                dsy_spi_global_init
 .text.SPI1_IRQHandler
                0x000000000800cb1c        0xc ../../DaisyExamples/libDaisy/build/libdaisy.a(spi.o)
                0x000000000800cb1c                SPI1_IRQHandler
 .text.SPI2_IRQHandler
                0x000000000800cb28        0xc ../../DaisyExamples/libDaisy/build/libdaisy.a(spi.o)
                0x000000000800cb28                SPI2_IRQHandler
 .text.SPI3_IRQHandler
                0x000000000800cb34        0xc ../../DaisyExamples/libDaisy/build/libdaisy.a(spi.o)
                0x000000000800cb34                SPI3_IRQHandler
 .text.SPI4_IRQHandler
                0x000000000800cb40        0xc ../../DaisyExamples/libDaisy/build/libdaisy.a(spi.o)
                0x000000000800cb40                SPI4_IRQHandler
 .text.SPI5_IRQHandler
                0x000000000800cb4c        0xc ../../DaisyExamples/libDaisy/build/libdaisy.a(spi.o)
                0x000000000800cb4c                SPI5_IRQHandler
 .text.DMA2_Stream2_IRQHandler
                0x000000000800cb58       0x34 ../../DaisyExamples/libDaisy/build/libdaisy.a(spi.o)
                0x000000000800cb58                DMA2_Stream2_IRQHandler
 .text.DMA2_Stream3_IRQHandler
                0x000000000800cb8c       0x38 ../../DaisyExamples/libDaisy/build/libdaisy.a(spi.o)
                0x000000000800cb8c                DMA2_Stream3_IRQHandler
 .text.HAL_SPI_TxCpltCallback
                0x000000000800cbc4       0xc4 ../../DaisyExamples/libDaisy/build/libdaisy.a(spi.o)
                0x000000000800cbc4                HAL_SPI_TxCpltCallback
 .text.HAL_SPI_RxCpltCallback
                0x000000000800cc88       0xc4 ../../DaisyExamples/libDaisy/build/libdaisy.a(spi.o)
                0x000000000800cc88                HAL_SPI_RxCpltCallback
 .text.HAL_SPI_TxRxCpltCallback
                0x000000000800cd4c       0xc4 ../../DaisyExamples/libDaisy/build/libdaisy.a(spi.o)
                0x000000000800cd4c                HAL_SPI_TxRxCpltCallback
 .text.HAL_SPI_ErrorCallback
                0x000000000800ce10       0xc8 ../../DaisyExamples/libDaisy/build/libdaisy.a(spi.o)
                0x000000000800ce10                HAL_SPI_ErrorCallback
 .text.startup._GLOBAL__sub_I__Z19MapInstanceToHandleP11SPI_TypeDef
                0x000000000800ced8      0x1b0 ../../DaisyExamples/libDaisy/build/libdaisy.a(spi.o)
 .text.HAL_TIM_Base_MspInit
                0x000000000800d088      0x1e0 ../../DaisyExamples/libDaisy/build/libdaisy.a(tim.o)
                0x000000000800d088                HAL_TIM_Base_MspInit
 .text.HAL_TIM_PeriodElapsedCallback
                0x000000000800d268       0x44 ../../DaisyExamples/libDaisy/build/libdaisy.a(tim.o)
                0x000000000800d268                HAL_TIM_PeriodElapsedCallback
 .text.TIM2_IRQHandler
                0x000000000800d2ac        0xc ../../DaisyExamples/libDaisy/build/libdaisy.a(tim.o)
                0x000000000800d2ac                TIM2_IRQHandler
 .text.TIM3_IRQHandler
                0x000000000800d2b8        0xc ../../DaisyExamples/libDaisy/build/libdaisy.a(tim.o)
                0x000000000800d2b8                TIM3_IRQHandler
 .text.TIM4_IRQHandler
                0x000000000800d2c4        0xc ../../DaisyExamples/libDaisy/build/libdaisy.a(tim.o)
                0x000000000800d2c4                TIM4_IRQHandler
 .text.TIM5_IRQHandler
                0x000000000800d2d0        0xc ../../DaisyExamples/libDaisy/build/libdaisy.a(tim.o)
                0x000000000800d2d0                TIM5_IRQHandler
 .text._ZN5daisy11TimerHandle4InitERKNS0_6ConfigE
                0x000000000800d2dc       0xd0 ../../DaisyExamples/libDaisy/build/libdaisy.a(tim.o)
                0x000000000800d2dc                daisy::TimerHandle::Init(daisy::TimerHandle::Config const&)
 .text._ZN5daisy11TimerHandle5StartEv
                0x000000000800d3ac       0x24 ../../DaisyExamples/libDaisy/build/libdaisy.a(tim.o)
                0x000000000800d3ac                daisy::TimerHandle::Start()
 .text.startup._GLOBAL__sub_I__ZN5daisy11TimerHandle4Impl4InitERKNS0_6ConfigE
                0x000000000800d3d0       0x38 ../../DaisyExamples/libDaisy/build/libdaisy.a(tim.o)
 .text._ZL20UART_CheckRxListenerPN5daisy11UartHandler4ImplE
                0x000000000800d408       0x84 ../../DaisyExamples/libDaisy/build/libdaisy.a(uart.o)
 .text._ZN5daisy11UartHandler4Impl10StartDmaTxEPhjPFvPvEPFvS3_NS0_6ResultEES3_
                0x000000000800d48c      0x184 ../../DaisyExamples/libDaisy/build/libdaisy.a(uart.o)
                0x000000000800d48c                daisy::UartHandler::Impl::StartDmaTx(unsigned char*, unsigned int, void (*)(void*), void (*)(void*, daisy::UartHandler::Result), void*)
 .text._ZN5daisy11UartHandler4Impl10StartDmaRxEPhjPFvPvEPFvS3_NS0_6ResultEES3_
                0x000000000800d610      0x184 ../../DaisyExamples/libDaisy/build/libdaisy.a(uart.o)
                0x000000000800d610                daisy::UartHandler::Impl::StartDmaRx(unsigned char*, unsigned int, void (*)(void*), void (*)(void*, daisy::UartHandler::Result), void*)
 .text._ZN5daisy11UartHandler4Impl19DmaTransferFinishedEP20__UART_HandleTypeDefNS0_6ResultE
                0x000000000800d794       0xc0 ../../DaisyExamples/libDaisy/build/libdaisy.a(uart.o)
                0x000000000800d794                daisy::UartHandler::Impl::DmaTransferFinished(__UART_HandleTypeDef*, daisy::UartHandler::Result)
 .text._ZN5daisy11UartHandler4Impl8InitPinsEv
                0x000000000800d854      0x154 ../../DaisyExamples/libDaisy/build/libdaisy.a(uart.o)
                0x000000000800d854                daisy::UartHandler::Impl::InitPins()
 .text.HAL_UART_MspInit
                0x000000000800d9a8      0x210 ../../DaisyExamples/libDaisy/build/libdaisy.a(uart.o)
                0x000000000800d9a8                HAL_UART_MspInit
 .text.dsy_uart_global_init
                0x000000000800dbb8       0xfc ../../DaisyExamples/libDaisy/build/libdaisy.a(uart.o)
                0x000000000800dbb8                dsy_uart_global_init
 .text.USART1_IRQHandler
                0x000000000800dcb4       0x2c ../../DaisyExamples/libDaisy/build/libdaisy.a(uart.o)
                0x000000000800dcb4                USART1_IRQHandler
 .text.USART2_IRQHandler
                0x000000000800dce0       0x34 ../../DaisyExamples/libDaisy/build/libdaisy.a(uart.o)
                0x000000000800dce0                USART2_IRQHandler
 .text.USART3_IRQHandler
                0x000000000800dd14       0x34 ../../DaisyExamples/libDaisy/build/libdaisy.a(uart.o)
                0x000000000800dd14                USART3_IRQHandler
 .text.UART4_IRQHandler
                0x000000000800dd48       0x34 ../../DaisyExamples/libDaisy/build/libdaisy.a(uart.o)
                0x000000000800dd48                UART4_IRQHandler
 .text.UART5_IRQHandler
                0x000000000800dd7c       0x34 ../../DaisyExamples/libDaisy/build/libdaisy.a(uart.o)
                0x000000000800dd7c                UART5_IRQHandler
 .text.USART6_IRQHandler
                0x000000000800ddb0       0x34 ../../DaisyExamples/libDaisy/build/libdaisy.a(uart.o)
                0x000000000800ddb0                USART6_IRQHandler
 .text.UART7_IRQHandler
                0x000000000800dde4       0x34 ../../DaisyExamples/libDaisy/build/libdaisy.a(uart.o)
                0x000000000800dde4                UART7_IRQHandler
 .text.UART8_IRQHandler
                0x000000000800de18       0x34 ../../DaisyExamples/libDaisy/build/libdaisy.a(uart.o)
                0x000000000800de18                UART8_IRQHandler
 .text.LPUART1_IRQHandler
                0x000000000800de4c       0x34 ../../DaisyExamples/libDaisy/build/libdaisy.a(uart.o)
                0x000000000800de4c                LPUART1_IRQHandler
 .text.DMA1_Stream5_IRQHandler
                0x000000000800de80       0x34 ../../DaisyExamples/libDaisy/build/libdaisy.a(uart.o)
                0x000000000800de80                DMA1_Stream5_IRQHandler
 .text.DMA2_Stream4_IRQHandler
                0x000000000800deb4       0x38 ../../DaisyExamples/libDaisy/build/libdaisy.a(uart.o)
                0x000000000800deb4                DMA2_Stream4_IRQHandler
 .text.HAL_UART_TxCpltCallback
                0x000000000800deec        0x8 ../../DaisyExamples/libDaisy/build/libdaisy.a(uart.o)
                0x000000000800deec                HAL_UART_TxCpltCallback
 .text.HAL_UART_RxCpltCallback
                0x000000000800def4       0x94 ../../DaisyExamples/libDaisy/build/libdaisy.a(uart.o)
                0x000000000800def4                HAL_UART_RxCpltCallback
 .text.HAL_UART_RxHalfCpltCallback
                0x000000000800df88       0x90 ../../DaisyExamples/libDaisy/build/libdaisy.a(uart.o)
                0x000000000800df88                HAL_UART_RxHalfCpltCallback
 .text.HAL_UART_ErrorCallback
                0x000000000800e018        0x8 ../../DaisyExamples/libDaisy/build/libdaisy.a(uart.o)
                0x000000000800e018                HAL_UART_ErrorCallback
 .text.startup._GLOBAL__sub_I__Z19MapInstanceToHandleP13USART_TypeDef
                0x000000000800e020      0x194 ../../DaisyExamples/libDaisy/build/libdaisy.a(uart.o)
 .text.dsy_dma_init
                0x000000000800e1b4      0x100 ../../DaisyExamples/libDaisy/build/libdaisy.a(dma.o)
                0x000000000800e1b4                dsy_dma_init
 .text.dsy_dma_invalidate_cache_for_buffer
                0x000000000800e2b4       0x2c ../../DaisyExamples/libDaisy/build/libdaisy.a(dma.o)
                0x000000000800e2b4                dsy_dma_invalidate_cache_for_buffer
 .text.HAL_MDMA_Abort_IT
                0x000000000800e2e0       0x2c ../../DaisyExamples/libDaisy/build/libdaisy.a(stm32h7xx_hal_mdma.o)
                0x000000000800e2e0                HAL_MDMA_Abort_IT
 .text.SPI_CloseTransfer
                0x000000000800e30c       0xb8 ../../DaisyExamples/libDaisy/build/libdaisy.a(stm32h7xx_hal_spi.o)
 .text.HAL_SPI_Init
                0x000000000800e3c4      0x15c ../../DaisyExamples/libDaisy/build/libdaisy.a(stm32h7xx_hal_spi.o)
                0x000000000800e3c4                HAL_SPI_Init
 .text.HAL_SPI_Transmit_DMA
                0x000000000800e520      0x170 ../../DaisyExamples/libDaisy/build/libdaisy.a(stm32h7xx_hal_spi.o)
                0x000000000800e520                HAL_SPI_Transmit_DMA
 .text.HAL_SPI_TransmitReceive_DMA
                0x000000000800e690      0x218 ../../DaisyExamples/libDaisy/build/libdaisy.a(stm32h7xx_hal_spi.o)
                0x000000000800e690                HAL_SPI_TransmitReceive_DMA
 .text.HAL_SPI_Receive_DMA
                0x000000000800e8a8      0x1b4 ../../DaisyExamples/libDaisy/build/libdaisy.a(stm32h7xx_hal_spi.o)
                0x000000000800e8a8                HAL_SPI_Receive_DMA
 .text.SPI_DMATransmitCplt
                0x000000000800ea5c       0x28 ../../DaisyExamples/libDaisy/build/libdaisy.a(stm32h7xx_hal_spi.o)
 .text.SPI_DMAReceiveCplt
                0x000000000800ea84       0x28 ../../DaisyExamples/libDaisy/build/libdaisy.a(stm32h7xx_hal_spi.o)
 .text.SPI_DMATransmitReceiveCplt
                0x000000000800eaac       0x28 ../../DaisyExamples/libDaisy/build/libdaisy.a(stm32h7xx_hal_spi.o)
 .text.HAL_SPI_TxHalfCpltCallback
                0x000000000800ead4        0x4 ../../DaisyExamples/libDaisy/build/libdaisy.a(stm32h7xx_hal_spi.o)
                0x000000000800ead4                HAL_SPI_TxHalfCpltCallback
 .text.SPI_DMAHalfTransmitCplt
                0x000000000800ead8        0xc ../../DaisyExamples/libDaisy/build/libdaisy.a(stm32h7xx_hal_spi.o)
 .text.HAL_SPI_RxHalfCpltCallback
                0x000000000800eae4        0x4 ../../DaisyExamples/libDaisy/build/libdaisy.a(stm32h7xx_hal_spi.o)
                0x000000000800eae4                HAL_SPI_RxHalfCpltCallback
 .text.SPI_DMAHalfReceiveCplt
                0x000000000800eae8        0xc ../../DaisyExamples/libDaisy/build/libdaisy.a(stm32h7xx_hal_spi.o)
 .text.HAL_SPI_TxRxHalfCpltCallback
                0x000000000800eaf4        0x4 ../../DaisyExamples/libDaisy/build/libdaisy.a(stm32h7xx_hal_spi.o)
                0x000000000800eaf4                HAL_SPI_TxRxHalfCpltCallback
 .text.SPI_DMAHalfTransmitReceiveCplt
                0x000000000800eaf8        0xc ../../DaisyExamples/libDaisy/build/libdaisy.a(stm32h7xx_hal_spi.o)
 .text.SPI_DMAError
                0x000000000800eb04       0xd8 ../../DaisyExamples/libDaisy/build/libdaisy.a(stm32h7xx_hal_spi.o)
 .text.HAL_SPI_IRQHandler
                0x000000000800ebdc      0x23c ../../DaisyExamples/libDaisy/build/libdaisy.a(stm32h7xx_hal_spi.o)
                0x000000000800ebdc                HAL_SPI_IRQHandler
 .text.SPI_DMAAbortOnError
                0x000000000800ee18       0x1c ../../DaisyExamples/libDaisy/build/libdaisy.a(stm32h7xx_hal_spi.o)
 .text.HAL_SPI_GetState
                0x000000000800ee34        0x8 ../../DaisyExamples/libDaisy/build/libdaisy.a(stm32h7xx_hal_spi.o)
                0x000000000800ee34                HAL_SPI_GetState
 .text.HAL_TIM_Base_Init
                0x000000000800ee3c      0x140 ../../DaisyExamples/libDaisy/build/libdaisy.a(stm32h7xx_hal_tim.o)
                0x000000000800ee3c                HAL_TIM_Base_Init
 .text.HAL_TIM_Base_Start
                0x000000000800ef7c       0x34 ../../DaisyExamples/libDaisy/build/libdaisy.a(stm32h7xx_hal_tim.o)
                0x000000000800ef7c                HAL_TIM_Base_Start
 .text.HAL_TIM_Base_Start_IT
                0x000000000800efb0       0x2c ../../DaisyExamples/libDaisy/build/libdaisy.a(stm32h7xx_hal_tim.o)
                0x000000000800efb0                HAL_TIM_Base_Start_IT
 .text.HAL_TIM_ConfigClockSource
                0x000000000800efdc      0x17c ../../DaisyExamples/libDaisy/build/libdaisy.a(stm32h7xx_hal_tim.o)
                0x000000000800efdc                HAL_TIM_ConfigClockSource
 .text.HAL_TIM_OC_DelayElapsedCallback
                0x000000000800f158        0x4 ../../DaisyExamples/libDaisy/build/libdaisy.a(stm32h7xx_hal_tim.o)
                0x000000000800f158                HAL_TIM_OC_DelayElapsedCallback
 .text.HAL_TIM_IC_CaptureCallback
                0x000000000800f15c        0x4 ../../DaisyExamples/libDaisy/build/libdaisy.a(stm32h7xx_hal_tim.o)
                0x000000000800f15c                HAL_TIM_IC_CaptureCallback
 .text.HAL_TIM_PWM_PulseFinishedCallback
                0x000000000800f160        0x4 ../../DaisyExamples/libDaisy/build/libdaisy.a(stm32h7xx_hal_tim.o)
                0x000000000800f160                HAL_TIM_PWM_PulseFinishedCallback
 .text.HAL_TIM_TriggerCallback
                0x000000000800f164        0x4 ../../DaisyExamples/libDaisy/build/libdaisy.a(stm32h7xx_hal_tim.o)
                0x000000000800f164                HAL_TIM_TriggerCallback
 .text.HAL_TIM_IRQHandler
                0x000000000800f168      0x170 ../../DaisyExamples/libDaisy/build/libdaisy.a(stm32h7xx_hal_tim.o)
                0x000000000800f168                HAL_TIM_IRQHandler
 .text.HAL_TIMEx_MasterConfigSynchronization
                0x000000000800f2d8       0x64 ../../DaisyExamples/libDaisy/build/libdaisy.a(stm32h7xx_hal_tim_ex.o)
                0x000000000800f2d8                HAL_TIMEx_MasterConfigSynchronization
 .text.HAL_TIMEx_CommutCallback
                0x000000000800f33c        0x4 ../../DaisyExamples/libDaisy/build/libdaisy.a(stm32h7xx_hal_tim_ex.o)
                0x000000000800f33c                HAL_TIMEx_CommutCallback
 .text.HAL_TIMEx_BreakCallback
                0x000000000800f340        0x4 ../../DaisyExamples/libDaisy/build/libdaisy.a(stm32h7xx_hal_tim_ex.o)
                0x000000000800f340                HAL_TIMEx_BreakCallback
 .text.HAL_TIMEx_Break2Callback
                0x000000000800f344        0x4 ../../DaisyExamples/libDaisy/build/libdaisy.a(stm32h7xx_hal_tim_ex.o)
                0x000000000800f344                HAL_TIMEx_Break2Callback
 .text.HAL_UART_Transmit_DMA
                0x000000000800f348       0xa4 ../../DaisyExamples/libDaisy/build/libdaisy.a(stm32h7xx_hal_uart.o)
                0x000000000800f348                HAL_UART_Transmit_DMA
 .text.HAL_UART_Receive_DMA
                0x000000000800f3ec       0xac ../../DaisyExamples/libDaisy/build/libdaisy.a(stm32h7xx_hal_uart.o)
                0x000000000800f3ec                HAL_UART_Receive_DMA
 .text.UART_DMATransmitCplt
                0x000000000800f498       0x2c ../../DaisyExamples/libDaisy/build/libdaisy.a(stm32h7xx_hal_uart.o)
 .text.HAL_UART_TxHalfCpltCallback
                0x000000000800f4c4        0x4 ../../DaisyExamples/libDaisy/build/libdaisy.a(stm32h7xx_hal_uart.o)
                0x000000000800f4c4                HAL_UART_TxHalfCpltCallback
 .text.UART_DMATxHalfCplt
                0x000000000800f4c8        0xc ../../DaisyExamples/libDaisy/build/libdaisy.a(stm32h7xx_hal_uart.o)
 .text.UART_DMAReceiveCplt
                0x000000000800f4d4       0x38 ../../DaisyExamples/libDaisy/build/libdaisy.a(stm32h7xx_hal_uart.o)
 .text.UART_DMARxHalfCplt
                0x000000000800f50c        0xc ../../DaisyExamples/libDaisy/build/libdaisy.a(stm32h7xx_hal_uart.o)
 .text.UART_DMAError
                0x000000000800f518       0x78 ../../DaisyExamples/libDaisy/build/libdaisy.a(stm32h7xx_hal_uart.o)
 .text.HAL_UART_IRQHandler
                0x000000000800f590      0x1d0 ../../DaisyExamples/libDaisy/build/libdaisy.a(stm32h7xx_hal_uart.o)
                0x000000000800f590                HAL_UART_IRQHandler
 .text.UART_DMAAbortOnError
                0x000000000800f760       0x14 ../../DaisyExamples/libDaisy/build/libdaisy.a(stm32h7xx_hal_uart.o)
 .text.HAL_UART_GetState
                0x000000000800f774        0xc ../../DaisyExamples/libDaisy/build/libdaisy.a(stm32h7xx_hal_uart.o)
                0x000000000800f774                HAL_UART_GetState
 .text.UART_SetConfig
                0x000000000800f780     0x14b8 ../../DaisyExamples/libDaisy/build/libdaisy.a(stm32h7xx_hal_uart.o)
                0x000000000800f780                UART_SetConfig
 .text.UART_AdvFeatureConfig
                0x0000000008010c38       0xb0 ../../DaisyExamples/libDaisy/build/libdaisy.a(stm32h7xx_hal_uart.o)
                0x0000000008010c38                UART_AdvFeatureConfig
 .text.UART_CheckIdleState
                0x0000000008010ce8       0x84 ../../DaisyExamples/libDaisy/build/libdaisy.a(stm32h7xx_hal_uart.o)
                0x0000000008010ce8                UART_CheckIdleState
 .text.HAL_UART_Init
                0x0000000008010d6c       0x68 ../../DaisyExamples/libDaisy/build/libdaisy.a(stm32h7xx_hal_uart.o)
                0x0000000008010d6c                HAL_UART_Init
 .text.HAL_UARTEx_WakeupCallback
                0x0000000008010dd4        0x4 ../../DaisyExamples/libDaisy/build/libdaisy.a(stm32h7xx_hal_uart_ex.o)
                0x0000000008010dd4                HAL_UARTEx_WakeupCallback
 .text.HAL_UARTEx_RxFifoFullCallback
                0x0000000008010dd8        0x4 ../../DaisyExamples/libDaisy/build/libdaisy.a(stm32h7xx_hal_uart_ex.o)
                0x0000000008010dd8                HAL_UARTEx_RxFifoFullCallback
 .text.HAL_UARTEx_TxFifoEmptyCallback
                0x0000000008010ddc        0x4 ../../DaisyExamples/libDaisy/build/libdaisy.a(stm32h7xx_hal_uart_ex.o)
                0x0000000008010ddc                HAL_UARTEx_TxFifoEmptyCallback
 .text._ZN7daisysp10Oscillator7ProcessEv
                0x0000000008010de0      0x374 ../../DaisyExamples/DaisySP/build/libdaisysp.a(oscillator.o)
                0x0000000008010de0                daisysp::Oscillator::Process()
 .text._ZN7daisysp10Oscillator12CalcPhaseIncEf